Archive member included because of file (symbol)

c:/dave-ide-4.4.2-64bit/eclipse/arm-gcc-49/bin/../lib/gcc/arm-none-eabi/4.9.3/armv7e-m/softfp\libgcc.a(_arm_addsubdf3.o)
                              ./main.o (__aeabi_i2d)
c:/dave-ide-4.4.2-64bit/eclipse/arm-gcc-49/bin/../lib/gcc/arm-none-eabi/4.9.3/armv7e-m/softfp\libgcc.a(_arm_muldivdf3.o)
                              ./main.o (__aeabi_ddiv)
c:/dave-ide-4.4.2-64bit/eclipse/arm-gcc-49/bin/../lib/gcc/arm-none-eabi/4.9.3/armv7e-m/softfp\libgcc.a(_arm_truncdfsf2.o)
                              ./main.o (__aeabi_d2f)
c:/dave-ide-4.4.2-64bit/eclipse/arm-gcc-49/bin/../lib/gcc/arm-none-eabi/4.9.3/armv7e-m/softfp\libgcc.a(_aeabi_uldivmod.o)
                              ./Dave/Generated/TIMER/timer.o (__aeabi_uldivmod)
c:/dave-ide-4.4.2-64bit/eclipse/arm-gcc-49/bin/../lib/gcc/arm-none-eabi/4.9.3/armv7e-m/softfp\libgcc.a(bpabi.o)
                              c:/dave-ide-4.4.2-64bit/eclipse/arm-gcc-49/bin/../lib/gcc/arm-none-eabi/4.9.3/armv7e-m/softfp\libgcc.a(_aeabi_uldivmod.o) (__gnu_uldivmod_helper)
c:/dave-ide-4.4.2-64bit/eclipse/arm-gcc-49/bin/../lib/gcc/arm-none-eabi/4.9.3/armv7e-m/softfp\libgcc.a(_dvmd_tls.o)
                              c:/dave-ide-4.4.2-64bit/eclipse/arm-gcc-49/bin/../lib/gcc/arm-none-eabi/4.9.3/armv7e-m/softfp\libgcc.a(_aeabi_uldivmod.o) (__aeabi_ldiv0)
c:/dave-ide-4.4.2-64bit/eclipse/arm-gcc-49/bin/../lib/gcc/arm-none-eabi/4.9.3/armv7e-m/softfp\libgcc.a(_divdi3.o)
                              c:/dave-ide-4.4.2-64bit/eclipse/arm-gcc-49/bin/../lib/gcc/arm-none-eabi/4.9.3/armv7e-m/softfp\libgcc.a(bpabi.o) (__divdi3)
c:/dave-ide-4.4.2-64bit/eclipse/arm-gcc-49/bin/../lib/gcc/arm-none-eabi/4.9.3/armv7e-m/softfp\libgcc.a(_udivdi3.o)
                              c:/dave-ide-4.4.2-64bit/eclipse/arm-gcc-49/bin/../lib/gcc/arm-none-eabi/4.9.3/armv7e-m/softfp\libgcc.a(bpabi.o) (__udivdi3)
c:/dave-ide-4.4.2-64bit/eclipse/arm-gcc-49/bin/../lib/gcc/arm-none-eabi/4.9.3/../../../../arm-none-eabi/lib/armv7e-m/softfp\libg_nano.a(lib_a-errno.o)
                              ./Libraries/Newlib/syscalls.o (__errno)
c:/dave-ide-4.4.2-64bit/eclipse/arm-gcc-49/bin/../lib/gcc/arm-none-eabi/4.9.3/../../../../arm-none-eabi/lib/armv7e-m/softfp\libg_nano.a(lib_a-impure.o)
                              c:/dave-ide-4.4.2-64bit/eclipse/arm-gcc-49/bin/../lib/gcc/arm-none-eabi/4.9.3/../../../../arm-none-eabi/lib/armv7e-m/softfp\libg_nano.a(lib_a-errno.o) (_impure_ptr)
c:/dave-ide-4.4.2-64bit/eclipse/arm-gcc-49/bin/../lib/gcc/arm-none-eabi/4.9.3/../../../../arm-none-eabi/lib/armv7e-m/softfp\libg_nano.a(lib_a-init.o)
                              ./Startup/startup_XMC4500.o (__libc_init_array)
c:/dave-ide-4.4.2-64bit/eclipse/arm-gcc-49/bin/../lib/gcc/arm-none-eabi/4.9.3/../../../../arm-none-eabi/lib/armv7e-m/softfp\libg_nano.a(lib_a-memcpy.o)
                              ./Libraries/XMCLib/src/xmc_eth_mac.o (memcpy)
c:/dave-ide-4.4.2-64bit/eclipse/arm-gcc-49/bin/../lib/gcc/arm-none-eabi/4.9.3/../../../../arm-none-eabi/lib/armv7e-m/softfp\libg_nano.a(lib_a-memset.o)
                              ./Libraries/XMCLib/src/xmc_usbd.o (memset)
c:/dave-ide-4.4.2-64bit/eclipse/arm-gcc-49/bin/../lib/gcc/arm-none-eabi/4.9.3/../../../../arm-none-eabi/lib/armv7e-m/softfp\libg_nano.a(lib_a-nano-vfprintf_float.o)
                              (_printf_float)
c:/dave-ide-4.4.2-64bit/eclipse/arm-gcc-49/bin/../lib/gcc/arm-none-eabi/4.9.3/../../../../arm-none-eabi/lib/armv7e-m/softfp\libg_nano.a(lib_a-nano-vfprintf_i.o)
                              c:/dave-ide-4.4.2-64bit/eclipse/arm-gcc-49/bin/../lib/gcc/arm-none-eabi/4.9.3/../../../../arm-none-eabi/lib/armv7e-m/softfp\libg_nano.a(lib_a-nano-vfprintf_float.o) (_printf_common)
c:/dave-ide-4.4.2-64bit/eclipse/arm-gcc-49/bin/../lib/gcc/arm-none-eabi/4.9.3/../../../../arm-none-eabi/lib/armv7e-m/softfp\libg_nano.a(lib_a-nano-vfscanf_float.o)
                              (_scanf_float)
c:/dave-ide-4.4.2-64bit/eclipse/arm-gcc-49/bin/../lib/gcc/arm-none-eabi/4.9.3/../../../../arm-none-eabi/lib/armv7e-m/softfp\libg_nano.a(lib_a-s_fpclassify.o)
                              c:/dave-ide-4.4.2-64bit/eclipse/arm-gcc-49/bin/../lib/gcc/arm-none-eabi/4.9.3/../../../../arm-none-eabi/lib/armv7e-m/softfp\libg_nano.a(lib_a-nano-vfprintf_float.o) (__fpclassifyd)
c:/dave-ide-4.4.2-64bit/eclipse/arm-gcc-49/bin/../lib/gcc/arm-none-eabi/4.9.3/../../../../arm-none-eabi/lib/armv7e-m/softfp\libg_nano.a(lib_a-sf_nan.o)
                              c:/dave-ide-4.4.2-64bit/eclipse/arm-gcc-49/bin/../lib/gcc/arm-none-eabi/4.9.3/../../../../arm-none-eabi/lib/armv7e-m/softfp\libg_nano.a(lib_a-nano-vfscanf_float.o) (nanf)
c:/dave-ide-4.4.2-64bit/eclipse/arm-gcc-49/bin/../lib/gcc/arm-none-eabi/4.9.3/../../../../arm-none-eabi/lib/armv7e-m/softfp\libg_nano.a(lib_a-sprintf.o)
                              ./main.o (sprintf)
[...]
Memory Configuration

Name             Origin             Length             Attributes
FLASH_1_cached   0x08000000         0x00100000         xr
FLASH_1_uncached 0x0c000000         0x00100000         xr
PSRAM_1          0x10000000         0x00010000         !xr
DSRAM_1_system   0x20000000         0x00010000         !xr
DSRAM_2_comm     0x30000000         0x00008000         !xr
*default*        0x00000000         0xffffffff

Linker script and memory map

LOAD ./Startup/startup_XMC4500.o
LOAD ./Startup/system_XMC4500.o
LOAD ./Libraries/XMCLib/src/xmc4_eru.o
LOAD ./Libraries/XMCLib/src/xmc4_flash.o
LOAD ./Libraries/XMCLib/src/xmc4_gpio.o
LOAD ./Libraries/XMCLib/src/xmc4_rtc.o
LOAD ./Libraries/XMCLib/src/xmc4_scu.o
LOAD ./Libraries/XMCLib/src/xmc_can.o
LOAD ./Libraries/XMCLib/src/xmc_ccu4.o
LOAD ./Libraries/XMCLib/src/xmc_ccu8.o
LOAD ./Libraries/XMCLib/src/xmc_common.o
LOAD ./Libraries/XMCLib/src/xmc_dac.o
LOAD ./Libraries/XMCLib/src/xmc_dma.o
LOAD ./Libraries/XMCLib/src/xmc_dsd.o
LOAD ./Libraries/XMCLib/src/xmc_ebu.o
LOAD ./Libraries/XMCLib/src/xmc_ecat.o
LOAD ./Libraries/XMCLib/src/xmc_eru.o
LOAD ./Libraries/XMCLib/src/xmc_eth_mac.o
LOAD ./Libraries/XMCLib/src/xmc_eth_phy_dp83848.o
LOAD ./Libraries/XMCLib/src/xmc_eth_phy_ksz8031rnl.o
LOAD ./Libraries/XMCLib/src/xmc_eth_phy_ksz8081rnb.o
LOAD ./Libraries/XMCLib/src/xmc_fce.o
LOAD ./Libraries/XMCLib/src/xmc_gpio.o
LOAD ./Libraries/XMCLib/src/xmc_hrpwm.o
LOAD ./Libraries/XMCLib/src/xmc_i2c.o
LOAD ./Libraries/XMCLib/src/xmc_i2s.o
LOAD ./Libraries/XMCLib/src/xmc_ledts.o
LOAD ./Libraries/XMCLib/src/xmc_posif.o
LOAD ./Libraries/XMCLib/src/xmc_rtc.o
LOAD ./Libraries/XMCLib/src/xmc_sdmmc.o
LOAD ./Libraries/XMCLib/src/xmc_spi.o
LOAD ./Libraries/XMCLib/src/xmc_uart.o
LOAD ./Libraries/XMCLib/src/xmc_usbd.o
LOAD ./Libraries/XMCLib/src/xmc_usbh.o
LOAD ./Libraries/XMCLib/src/xmc_usic.o
LOAD ./Libraries/XMCLib/src/xmc_vadc.o
LOAD ./Libraries/XMCLib/src/xmc_wdt.o
LOAD ./Libraries/Newlib/syscalls.o
LOAD ./Dave/Generated/TIMER/timer.o
LOAD ./Dave/Generated/TIMER/timer_conf.o
LOAD ./Dave/Generated/SYSTIMER/systimer.o
LOAD ./Dave/Generated/SYSTIMER/systimer_conf.o
LOAD ./Dave/Generated/SDMMC_BLOCK/sdmmc_block.o
LOAD ./Dave/Generated/SDMMC_BLOCK/sdmmc_block_conf.o
LOAD ./Dave/Generated/SDMMC_BLOCK/sdmmc_block_private_sd.o
LOAD ./Dave/Generated/RTC/rtc.o
LOAD ./Dave/Generated/RTC/rtc_conf.o
LOAD ./Dave/Generated/INTERRUPT/interrupt.o
LOAD ./Dave/Generated/INTERRUPT/interrupt_conf.o
LOAD ./Dave/Generated/I2C_MASTER/i2c_master.o
LOAD ./Dave/Generated/I2C_MASTER/i2c_master_conf.o
LOAD ./Dave/Generated/GLOBAL_CCU4/global_ccu4.o
LOAD ./Dave/Generated/GLOBAL_CCU4/global_ccu4_conf.o
LOAD ./Dave/Generated/GLOBAL_CAN/global_can.o
LOAD ./Dave/Generated/GLOBAL_CAN/global_can_conf.o
LOAD ./Dave/Generated/FATFS/ff_Src/ff.o
LOAD ./Dave/Generated/FATFS/ff_Src/ffsystem.o
LOAD ./Dave/Generated/FATFS/ff_Src/ffunicode.o
LOAD ./Dave/Generated/FATFS/ff_Src/syscall.o
LOAD ./Dave/Generated/FATFS/fatfs.o
LOAD ./Dave/Generated/FATFS/fatfs_conf.o
LOAD ./Dave/Generated/FATFS/sltha.o
LOAD ./Dave/Generated/CPU_CTRL_XMC4/cpu_ctrl_xmc4.o
LOAD ./Dave/Generated/CPU_CTRL_XMC4/cpu_ctrl_xmc4_conf.o
LOAD ./Dave/Generated/CLOCK_XMC4/clock_xmc4.o
LOAD ./Dave/Generated/CLOCK_XMC4/clock_xmc4_conf.o
LOAD ./Dave/Generated/CAN_NODE/can_node.o
LOAD ./Dave/Generated/CAN_NODE/can_node_conf.o
LOAD ./Dave/Generated/DAVE.o
LOAD ./LCD_I2C.o
LOAD ./main.o
LOAD c:/dave-ide-4.4.2-64bit/eclipse/arm-gcc-49/bin/../lib/gcc/arm-none-eabi/4.9.3/../../../../arm-none-eabi/lib/armv7e-m/softfp\libm.a
START GROUP
LOAD c:/dave-ide-4.4.2-64bit/eclipse/arm-gcc-49/bin/../lib/gcc/arm-none-eabi/4.9.3/armv7e-m/softfp\libgcc.a
LOAD c:/dave-ide-4.4.2-64bit/eclipse/arm-gcc-49/bin/../lib/gcc/arm-none-eabi/4.9.3/../../../../arm-none-eabi/lib/armv7e-m/softfp\libg_nano.a
LOAD c:/dave-ide-4.4.2-64bit/eclipse/arm-gcc-49/bin/../lib/gcc/arm-none-eabi/4.9.3/../../../../arm-none-eabi/lib/armv7e-m/softfp\libc_nano.a
END GROUP
START GROUP
LOAD c:/dave-ide-4.4.2-64bit/eclipse/arm-gcc-49/bin/../lib/gcc/arm-none-eabi/4.9.3/armv7e-m/softfp\libgcc.a
LOAD c:/dave-ide-4.4.2-64bit/eclipse/arm-gcc-49/bin/../lib/gcc/arm-none-eabi/4.9.3/../../../../arm-none-eabi/lib/armv7e-m/softfp\libc_nano.a
LOAD c:/dave-ide-4.4.2-64bit/eclipse/arm-gcc-49/bin/../lib/gcc/arm-none-eabi/4.9.3/../../../../arm-none-eabi/lib/armv7e-m/softfp\libnosys.a
END GROUP
START GROUP
LOAD c:/dave-ide-4.4.2-64bit/eclipse/arm-gcc-49/bin/../lib/gcc/arm-none-eabi/4.9.3/armv7e-m/softfp\libgcc.a
LOAD c:/dave-ide-4.4.2-64bit/eclipse/arm-gcc-49/bin/../lib/gcc/arm-none-eabi/4.9.3/../../../../arm-none-eabi/lib/armv7e-m/softfp\libc_nano.a
LOAD c:/dave-ide-4.4.2-64bit/eclipse/arm-gcc-49/bin/../lib/gcc/arm-none-eabi/4.9.3/../../../../arm-none-eabi/lib/armv7e-m/softfp\libnosys.a
END GROUP
                0x00000800                stack_size = DEFINED (stack_size)?stack_size:0x800
                0x00000040                no_init_size = 0x40

.text           0x08000000    0x106d0 load address 0x0c000000
                0x08000000                sText = .
 *(.reset)
 .reset         0x08000000      0x2b4 ./Startup/startup_XMC4500.o
                0x08000000                __Vectors
                0x08000200                Reset_Handler
                0x080002b0                DSD0_7_IRQHandler
                0x080002b0                DebugMon_Handler
                0x080002b0                VADC0_C0_0_IRQHandler
                0x080002b0                CAN0_4_IRQHandler
                0x080002b0                VADC0_G2_0_IRQHandler
                0x080002b0                USIC0_5_IRQHandler
                0x080002b0                POSIF0_0_IRQHandler
                0x080002b0                POSIF1_0_IRQHandler
                0x080002b0                HardFault_Handler
                0x080002b0                VADC0_G1_1_IRQHandler
                0x080002b0                PendSV_Handler
                0x080002b0                NMI_Handler
                0x080002b0                USIC1_3_IRQHandler
                0x080002b0                CCU40_2_IRQHandler
                0x080002b0                SCU_0_IRQHandler
                0x080002b0                ERU0_0_IRQHandler
                0x080002b0                CCU41_0_IRQHandler
                0x080002b0                USIC1_5_IRQHandler
                0x080002b0                DSD0_4_IRQHandler
                0x080002b0                CCU80_1_IRQHandler
                0x080002b0                CCU81_0_IRQHandler
                0x080002b0                UsageFault_Handler
                0x080002b0                USIC0_0_IRQHandler
                0x080002b0                POSIF1_1_IRQHandler
                0x080002b0                ERU0_2_IRQHandler
                0x080002b0                CCU81_1_IRQHandler
                0x080002b0                ERU1_1_IRQHandler
                0x080002b0                VADC0_G2_3_IRQHandler
                0x080002b0                VADC0_G2_2_IRQHandler
                0x080002b0                CCU42_3_IRQHandler
                0x080002b0                ERU0_3_IRQHandler
                0x080002b0                DSD0_5_IRQHandler
                0x080002b0                VADC0_C0_3_IRQHandler
                0x080002b0                CAN0_6_IRQHandler
                0x080002b0                CCU43_0_IRQHandler
                0x080002b0                VADC0_G0_1_IRQHandler
                0x080002b0                CCU81_2_IRQHandler
                0x080002b0                USIC2_4_IRQHandler
                0x080002b0                CCU81_3_IRQHandler
                0x080002b0                CCU42_1_IRQHandler
                0x080002b0                USIC1_1_IRQHandler
                0x080002b0                USIC2_5_IRQHandler
                0x080002b0                CCU40_0_IRQHandler
                0x080002b0                ERU1_0_IRQHandler
                0x080002b0                CCU42_2_IRQHandler
                0x080002b0                Default_Handler
                0x080002b0                USIC1_4_IRQHandler
                0x080002b0                ERU1_3_IRQHandler
                0x080002b0                USIC1_0_IRQHandler
                0x080002b0                POSIF0_1_IRQHandler
                0x080002b0                VADC0_G0_0_IRQHandler
                0x080002b0                DSD0_2_IRQHandler
                0x080002b0                CCU80_3_IRQHandler
                0x080002b0                CCU41_3_IRQHandler
                0x080002b0                CCU80_2_IRQHandler
                0x080002b0                VADC0_G1_3_IRQHandler
                0x080002b0                VADC0_G0_3_IRQHandler
                0x080002b0                GPDMA0_0_IRQHandler
                0x080002b0                PMU0_0_IRQHandler
                0x080002b0                CAN0_7_IRQHandler
                0x080002b0                DSD0_1_IRQHandler
                0x080002b0                CCU41_2_IRQHandler
                0x080002b0                VADC0_C0_1_IRQHandler
                0x080002b0                CCU43_2_IRQHandler
                0x080002b0                USIC2_2_IRQHandler
                0x080002b0                MemManage_Handler
                0x080002b0                VADC0_G3_1_IRQHandler
                0x080002b0                DAC0_0_IRQHandler
                0x080002b0                SVC_Handler
                0x080002b0                VADC0_G3_3_IRQHandler
                0x080002b0                ERU1_2_IRQHandler
                0x080002b0                CCU41_1_IRQHandler
                0x080002b0                DSD0_6_IRQHandler
                0x080002b0                VADC0_G1_2_IRQHandler
                0x080002b0                USIC2_3_IRQHandler
                0x080002b0                CAN0_2_IRQHandler
                0x080002b0                USIC2_0_IRQHandler
                0x080002b0                VADC0_G0_2_IRQHandler
                0x080002b0                VADC0_G2_1_IRQHandler
                0x080002b0                CAN0_3_IRQHandler
                0x080002b0                ETH0_0_IRQHandler
                0x080002b0                USIC0_3_IRQHandler
                0x080002b0                DSD0_0_IRQHandler
                0x080002b0                VADC0_C0_2_IRQHandler
                0x080002b0                CCU42_0_IRQHandler
                0x080002b0                FCE0_0_IRQHandler
                0x080002b0                VADC0_G1_0_IRQHandler
                0x080002b0                USB0_0_IRQHandler
                0x080002b0                CAN0_5_IRQHandler
                0x080002b0                CCU80_0_IRQHandler
                0x080002b0                CCU40_1_IRQHandler
                0x080002b0                USIC2_1_IRQHandler
                0x080002b0                USIC0_1_IRQHandler
                0x080002b0                VADC0_G3_2_IRQHandler
                0x080002b0                CCU40_3_IRQHandler
                0x080002b0                BusFault_Handler
                0x080002b0                LEDTS0_0_IRQHandler
                0x080002b0                USIC0_4_IRQHandler
                0x080002b0                CCU43_3_IRQHandler
                0x080002b0                ERU0_1_IRQHandler
                0x080002b0                VADC0_G3_0_IRQHandler
                0x080002b0                USIC1_2_IRQHandler
                0x080002b0                DSD0_3_IRQHandler
                0x080002b0                USIC0_2_IRQHandler
                0x080002b0                DAC0_1_IRQHandler
                0x080002b0                GPDMA1_0_IRQHandler
 *(.text .text.* .gnu.linkonce.t.*)
 .text.SystemInit
                0x080002b4       0x20 ./Startup/system_XMC4500.o
                0x080002b4                SystemInit
 .text.SystemCoreClockUpdate
                0x080002d4       0xd4 ./Startup/system_XMC4500.o
                0x080002d4                SystemCoreClockUpdate
 .text.XMC_GPIO_Init
                0x080003a8      0x14c ./Libraries/XMCLib/src/xmc4_gpio.o
                0x080003a8                XMC_GPIO_Init
 .text.XMC_RTC_IsRunning
                0x080004f4       0x24 ./Libraries/XMCLib/src/xmc4_rtc.o
 .text.XMC_SCU_GetMirrorStatus
                0x08000518       0x18 ./Libraries/XMCLib/src/xmc4_rtc.o
 .text.XMC_RTC_Init
                0x08000530       0xa4 ./Libraries/XMCLib/src/xmc4_rtc.o
                0x08000530                XMC_RTC_Init
 .text.XMC_RTC_EnableEvent
                0x080005d4       0x30 ./Libraries/XMCLib/src/xmc4_rtc.o
                0x080005d4                XMC_RTC_EnableEvent
 .text.XMC_SCU_CLOCK_GetCpuClockFrequency
                0x08000604       0x18 ./Libraries/XMCLib/src/xmc4_scu.o
 .text.XMC_SCU_GetMirrorStatus
                0x0800061c       0x18 ./Libraries/XMCLib/src/xmc4_scu.o
 .text.XMC_SCU_lDelay
                0x08000634       0x44 ./Libraries/XMCLib/src/xmc4_scu.o
 .text.XMC_SCU_INTERUPT_GetEventStatus
                0x08000678       0x18 ./Libraries/XMCLib/src/xmc4_scu.o
                0x08000678                XMC_SCU_INTERUPT_GetEventStatus
 .text.XMC_SCU_INTERRUPT_ClearEventStatus
                0x08000690       0x1c ./Libraries/XMCLib/src/xmc4_scu.o
                0x08000690                XMC_SCU_INTERRUPT_ClearEventStatus
 .text.XMC_SCU_CLOCK_Init
                0x080006ac       0xec ./Libraries/XMCLib/src/xmc4_scu.o
                0x080006ac                XMC_SCU_CLOCK_Init
 .text.XMC_SCU_RESET_DeassertPeripheralReset
                0x08000798       0x38 ./Libraries/XMCLib/src/xmc4_scu.o
                0x08000798                XMC_SCU_RESET_DeassertPeripheralReset
 .text.XMC_SCU_CLOCK_GetPeripheralClockFrequency
                0x080007d0       0x20 ./Libraries/XMCLib/src/xmc4_scu.o
                0x080007d0                XMC_SCU_CLOCK_GetPeripheralClockFrequency
 .text.XMC_SCU_CLOCK_SetSystemClockSource
                0x080007f0       0x28 ./Libraries/XMCLib/src/xmc4_scu.o
                0x080007f0                XMC_SCU_CLOCK_SetSystemClockSource
 .text.XMC_SCU_CLOCK_SetUsbClockSource
                0x08000818       0x28 ./Libraries/XMCLib/src/xmc4_scu.o
                0x08000818                XMC_SCU_CLOCK_SetUsbClockSource
 .text.XMC_SCU_CLOCK_SetSystemPllClockSource
                0x08000840       0x40 ./Libraries/XMCLib/src/xmc4_scu.o
                0x08000840                XMC_SCU_CLOCK_SetSystemPllClockSource
 .text.XMC_SCU_HIB_SetRtcClockSource
                0x08000880       0x3c ./Libraries/XMCLib/src/xmc4_scu.o
                0x08000880                XMC_SCU_HIB_SetRtcClockSource
 .text.XMC_SCU_HIB_SetStandbyClockSource
                0x080008bc       0x3c ./Libraries/XMCLib/src/xmc4_scu.o
                0x080008bc                XMC_SCU_HIB_SetStandbyClockSource
 .text.XMC_SCU_CLOCK_SetSystemClockDivider
                0x080008f8       0x28 ./Libraries/XMCLib/src/xmc4_scu.o
                0x080008f8                XMC_SCU_CLOCK_SetSystemClockDivider
 .text.XMC_SCU_CLOCK_SetCcuClockDivider
                0x08000920       0x28 ./Libraries/XMCLib/src/xmc4_scu.o
                0x08000920                XMC_SCU_CLOCK_SetCcuClockDivider
 .text.XMC_SCU_CLOCK_SetCpuClockDivider
                0x08000948       0x28 ./Libraries/XMCLib/src/xmc4_scu.o
                0x08000948                XMC_SCU_CLOCK_SetCpuClockDivider
 .text.XMC_SCU_CLOCK_SetPeripheralClockDivider
                0x08000970       0x28 ./Libraries/XMCLib/src/xmc4_scu.o
                0x08000970                XMC_SCU_CLOCK_SetPeripheralClockDivider
 .text.XMC_SCU_CLOCK_SetUsbClockDivider
                0x08000998       0x28 ./Libraries/XMCLib/src/xmc4_scu.o
                0x08000998                XMC_SCU_CLOCK_SetUsbClockDivider
 .text.XMC_SCU_CLOCK_EnableClock
                0x080009c0       0x20 ./Libraries/XMCLib/src/xmc4_scu.o
                0x080009c0                XMC_SCU_CLOCK_EnableClock
 .text.XMC_SCU_CLOCK_StartUsbPll
                0x080009e0       0x74 ./Libraries/XMCLib/src/xmc4_scu.o
                0x080009e0                XMC_SCU_CLOCK_StartUsbPll
 .text.XMC_SCU_CLOCK_SetBackupClockCalibrationMode
                0x08000a54       0x4c ./Libraries/XMCLib/src/xmc4_scu.o
                0x08000a54                XMC_SCU_CLOCK_SetBackupClockCalibrationMode
 .text.XMC_SCU_HIB_EnableHibernateDomain
                0x08000aa0       0x58 ./Libraries/XMCLib/src/xmc4_scu.o
                0x08000aa0                XMC_SCU_HIB_EnableHibernateDomain
 .text.XMC_SCU_HIB_IsHibernateDomainEnabled
                0x08000af8       0x3c ./Libraries/XMCLib/src/xmc4_scu.o
                0x08000af8                XMC_SCU_HIB_IsHibernateDomainEnabled
 .text.XMC_SCU_CLOCK_IsLowPowerOscillatorStable
                0x08000b34       0x24 ./Libraries/XMCLib/src/xmc4_scu.o
                0x08000b34                XMC_SCU_CLOCK_IsLowPowerOscillatorStable
 .text.XMC_SCU_CLOCK_EnableLowPowerOscillator
                0x08000b58       0x70 ./Libraries/XMCLib/src/xmc4_scu.o
                0x08000b58                XMC_SCU_CLOCK_EnableLowPowerOscillator
 .text.XMC_SCU_CLOCK_EnableHighPerformanceOscillator
                0x08000bc8       0x50 ./Libraries/XMCLib/src/xmc4_scu.o
                0x08000bc8                XMC_SCU_CLOCK_EnableHighPerformanceOscillator
 .text.XMC_SCU_CLOCK_IsHighPerformanceOscillatorStable
                0x08000c18       0x28 ./Libraries/XMCLib/src/xmc4_scu.o
                0x08000c18                XMC_SCU_CLOCK_IsHighPerformanceOscillatorStable
 .text.XMC_SCU_CLOCK_EnableSystemPll
                0x08000c40       0x20 ./Libraries/XMCLib/src/xmc4_scu.o
                0x08000c40                XMC_SCU_CLOCK_EnableSystemPll
 .text.XMC_SCU_CLOCK_DisableSystemPll
                0x08000c60       0x20 ./Libraries/XMCLib/src/xmc4_scu.o
                0x08000c60                XMC_SCU_CLOCK_DisableSystemPll
 .text.XMC_SCU_CLOCK_StartSystemPll
                0x08000c80      0x174 ./Libraries/XMCLib/src/xmc4_scu.o
                0x08000c80                XMC_SCU_CLOCK_StartSystemPll
 .text.XMC_SCU_CLOCK_StepSystemPllFrequency
                0x08000df4       0x2c ./Libraries/XMCLib/src/xmc4_scu.o
                0x08000df4                XMC_SCU_CLOCK_StepSystemPllFrequency
 .text.XMC_CAN_IsPanelControlReady
                0x08000e20       0x28 ./Libraries/XMCLib/src/xmc_can.o
 .text.XMC_CAN_PanelControl
                0x08000e48       0x3c ./Libraries/XMCLib/src/xmc_can.o
 .text.XMC_CAN_NODE_EnableConfigurationChange
                0x08000e84       0x20 ./Libraries/XMCLib/src/xmc_can.o
 .text.XMC_CAN_NODE_DisableConfigurationChange
                0x08000ea4       0x20 ./Libraries/XMCLib/src/xmc_can.o
 .text.max      0x08000ec4       0x20 ./Libraries/XMCLib/src/xmc_can.o
 .text.min      0x08000ee4       0x20 ./Libraries/XMCLib/src/xmc_can.o
 .text.XMC_CAN_NODE_NominalBitTimeConfigureEx
                0x08000f04      0x148 ./Libraries/XMCLib/src/xmc_can.o
                0x08000f04                XMC_CAN_NODE_NominalBitTimeConfigureEx
 .text.XMC_CAN_AllocateMOtoNodeList
                0x0800104c       0x3c ./Libraries/XMCLib/src/xmc_can.o
                0x0800104c                XMC_CAN_AllocateMOtoNodeList
 .text.XMC_CAN_Enable
                0x08001088       0x34 ./Libraries/XMCLib/src/xmc_can.o
                0x08001088                XMC_CAN_Enable
 .text.XMC_CAN_SetBaudrateClockSource
                0x080010bc       0x18 ./Libraries/XMCLib/src/xmc_can.o
                0x080010bc                XMC_CAN_SetBaudrateClockSource
 .text.XMC_CAN_GetBaudrateClockFrequency
                0x080010d4       0x18 ./Libraries/XMCLib/src/xmc_can.o
                0x080010d4                XMC_CAN_GetBaudrateClockFrequency
 .text.XMC_CAN_InitEx
                0x080010ec       0x80 ./Libraries/XMCLib/src/xmc_can.o
                0x080010ec                XMC_CAN_InitEx
 .text.XMC_CAN_MO_Config
                0x0800116c      0x138 ./Libraries/XMCLib/src/xmc_can.o
                0x0800116c                XMC_CAN_MO_Config
 .text.XMC_CAN_MO_UpdateData
                0x080012a4       0x70 ./Libraries/XMCLib/src/xmc_can.o
                0x080012a4                XMC_CAN_MO_UpdateData
 .text.XMC_CAN_MO_Transmit
                0x08001314       0x5c ./Libraries/XMCLib/src/xmc_can.o
                0x08001314                XMC_CAN_MO_Transmit
 .text.XMC_CAN_MO_Receive
                0x08001370      0x1a0 ./Libraries/XMCLib/src/xmc_can.o
                0x08001370                XMC_CAN_MO_Receive
 .text.XMC_CAN_NODE_EnableEvent
                0x08001510       0x38 ./Libraries/XMCLib/src/xmc_can.o
                0x08001510                XMC_CAN_NODE_EnableEvent
 .text.XMC_CCU4_StartPrescaler
                0x08001548       0x20 ./Libraries/XMCLib/src/xmc_ccu4.o
 .text.XMC_CCU4_lDeassertReset
                0x08001568       0x60 ./Libraries/XMCLib/src/xmc_ccu4.o
 .text.XMC_CCU4_EnableModule
                0x080015c8       0x1c ./Libraries/XMCLib/src/xmc_ccu4.o
                0x080015c8                XMC_CCU4_EnableModule
 .text.XMC_CCU4_Init
                0x080015e4       0x3c ./Libraries/XMCLib/src/xmc_ccu4.o
                0x080015e4                XMC_CCU4_Init
 .text.XMC_CCU4_SLICE_CompareInit
                0x08001620       0x6c ./Libraries/XMCLib/src/xmc_ccu4.o
                0x08001620                XMC_CCU4_SLICE_CompareInit
 .text.XMC_CCU4_SLICE_SetInterruptNode
                0x0800168c       0xb0 ./Libraries/XMCLib/src/xmc_ccu4.o
                0x0800168c                XMC_CCU4_SLICE_SetInterruptNode
 .text.XMC_GPIO_SetMode
                0x0800173c       0x80 ./Libraries/XMCLib/src/xmc_gpio.o
                0x0800173c                XMC_GPIO_SetMode
 .text.XMC_GPIO_SetHardwareControl
                0x080017bc       0x44 ./Libraries/XMCLib/src/xmc_gpio.o
                0x080017bc                XMC_GPIO_SetHardwareControl
 .text.XMC_USIC_CH_GetTransmitBufferStatus
                0x08001800       0x20 ./Libraries/XMCLib/src/xmc_i2c.o
 .text.XMC_I2C_CH_ClearStatusFlag
                0x08001820       0x20 ./Libraries/XMCLib/src/xmc_i2c.o
 .text.XMC_I2C_CH_Init
                0x08001840       0x50 ./Libraries/XMCLib/src/xmc_i2c.o
                0x08001840                XMC_I2C_CH_Init
 .text.XMC_I2C_CH_SetSlaveAddress
                0x08001890       0x40 ./Libraries/XMCLib/src/xmc_i2c.o
                0x08001890                XMC_I2C_CH_SetSlaveAddress
 .text.XMC_I2C_CH_SetBaudrate
                0x080018d0       0x78 ./Libraries/XMCLib/src/xmc_i2c.o
                0x080018d0                XMC_I2C_CH_SetBaudrate
 .text.XMC_I2C_CH_MasterStart
                0x08001948       0x68 ./Libraries/XMCLib/src/xmc_i2c.o
                0x08001948                XMC_I2C_CH_MasterStart
 .text.XMC_I2C_CH_MasterRepeatedStart
                0x080019b0       0x68 ./Libraries/XMCLib/src/xmc_i2c.o
                0x080019b0                XMC_I2C_CH_MasterRepeatedStart
 .text.XMC_I2C_CH_MasterStop
                0x08001a18       0x4c ./Libraries/XMCLib/src/xmc_i2c.o
                0x08001a18                XMC_I2C_CH_MasterStop
 .text.XMC_I2C_CH_MasterTransmit
                0x08001a64       0x4c ./Libraries/XMCLib/src/xmc_i2c.o
                0x08001a64                XMC_I2C_CH_MasterTransmit
 .text.XMC_SCU_GetMirrorStatus
                0x08001ab0       0x18 ./Libraries/XMCLib/src/xmc_rtc.o
 .text.XMC_RTC_Start
                0x08001ac8       0x28 ./Libraries/XMCLib/src/xmc_rtc.o
                0x08001ac8                XMC_RTC_Start
 .text.XMC_RTC_SetPrescaler
                0x08001af0       0x34 ./Libraries/XMCLib/src/xmc_rtc.o
                0x08001af0                XMC_RTC_SetPrescaler
 .text.XMC_RTC_SetTime
                0x08001b24       0x44 ./Libraries/XMCLib/src/xmc_rtc.o
                0x08001b24                XMC_RTC_SetTime
 .text.XMC_RTC_GetTime
                0x08001b68       0x28 ./Libraries/XMCLib/src/xmc_rtc.o
                0x08001b68                XMC_RTC_GetTime
 .text.XMC_SDMMC_Enable
                0x08001b90       0x18 ./Libraries/XMCLib/src/xmc_sdmmc.o
                0x08001b90                XMC_SDMMC_Enable
 .text.XMC_SDMMC_EnableEventStatus
                0x08001ba8       0x3c ./Libraries/XMCLib/src/xmc_sdmmc.o
                0x08001ba8                XMC_SDMMC_EnableEventStatus
 .text.XMC_SDMMC_EnableEvent
                0x08001be4       0x40 ./Libraries/XMCLib/src/xmc_sdmmc.o
                0x08001be4                XMC_SDMMC_EnableEvent
 .text.XMC_SDMMC_DisableEvent
                0x08001c24       0x44 ./Libraries/XMCLib/src/xmc_sdmmc.o
                0x08001c24                XMC_SDMMC_DisableEvent
 .text.XMC_SDMMC_ClearEvent
                0x08001c68       0x28 ./Libraries/XMCLib/src/xmc_sdmmc.o
                0x08001c68                XMC_SDMMC_ClearEvent
 .text.XMC_SDMMC_GetEvent
                0x08001c90       0x54 ./Libraries/XMCLib/src/xmc_sdmmc.o
                0x08001c90                XMC_SDMMC_GetEvent
 .text.XMC_SDMMC_SendCommand
                0x08001ce4       0x28 ./Libraries/XMCLib/src/xmc_sdmmc.o
                0x08001ce4                XMC_SDMMC_SendCommand
 .text.XMC_SDMMC_SetDataTransferMode
                0x08001d0c       0x80 ./Libraries/XMCLib/src/xmc_sdmmc.o
                0x08001d0c                XMC_SDMMC_SetDataTransferMode
 .text.XMC_USIC_CH_Enable
                0x08001d8c       0x98 ./Libraries/XMCLib/src/xmc_usic.o
                0x08001d8c                XMC_USIC_CH_Enable
 .text.XMC_USIC_CH_SetBaudrate
                0x08001e24       0xe0 ./Libraries/XMCLib/src/xmc_usic.o
                0x08001e24                XMC_USIC_CH_SetBaudrate
 .text.XMC_USIC_Enable
                0x08001f04       0x54 ./Libraries/XMCLib/src/xmc_usic.o
                0x08001f04                XMC_USIC_Enable
 .text._sbrk    0x08001f58       0x68 ./Libraries/Newlib/syscalls.o
                0x08001f58                _sbrk
 .text._init    0x08001fc0        0xc ./Libraries/Newlib/syscalls.o
                0x08001fc0                _init
 .text.XMC_CCU4_EnableClock
                0x08001fcc       0x28 ./Dave/Generated/TIMER/timer.o
 .text.XMC_CCU4_SLICE_StartTimer
                0x08001ff4       0x18 ./Dave/Generated/TIMER/timer.o
 .text.XMC_CCU4_SLICE_ClearTimer
                0x0800200c       0x18 ./Dave/Generated/TIMER/timer.o
 .text.XMC_CCU4_SLICE_SetTimerPeriodMatch
                0x08002024       0x1c ./Dave/Generated/TIMER/timer.o
 .text.XMC_CCU4_SLICE_SetTimerCompareMatch
                0x08002040       0x1c ./Dave/Generated/TIMER/timer.o
 .text.XMC_CCU4_EnableShadowTransfer
                0x0800205c       0x1c ./Dave/Generated/TIMER/timer.o
 .text.XMC_CCU4_SLICE_EnableEvent
                0x08002078       0x2c ./Dave/Generated/TIMER/timer.o
 .text.TIMER_Init
                0x080020a4       0x3c ./Dave/Generated/TIMER/timer.o
                0x080020a4                TIMER_Init
 .text.TIMER_CCU4_lInit
                0x080020e0       0x98 ./Dave/Generated/TIMER/timer.o
                0x080020e0                TIMER_CCU4_lInit
 .text.TIMER_CCU4_lShadowTransfer
                0x08002178       0x3c ./Dave/Generated/TIMER/timer.o
                0x08002178                TIMER_CCU4_lShadowTransfer
 .text.__NVIC_GetPriorityGrouping
                0x080021b4       0x1c ./Dave/Generated/SYSTIMER/systimer.o
 .text.__NVIC_SetPriority
                0x080021d0       0x54 ./Dave/Generated/SYSTIMER/systimer.o
 .text.NVIC_EncodePriority
                0x08002224       0x64 ./Dave/Generated/SYSTIMER/systimer.o
 .text.SysTick_Config
                0x08002288       0x44 ./Dave/Generated/SYSTIMER/systimer.o
 .text.SYSTIMER_lInsertTimerList
                0x080022cc      0x1c4 ./Dave/Generated/SYSTIMER/systimer.o
 .text.SYSTIMER_lRemoveTimerList
                0x08002490       0xc0 ./Dave/Generated/SYSTIMER/systimer.o
 .text.SYSTIMER_lTimerHandler
                0x08002550       0xcc ./Dave/Generated/SYSTIMER/systimer.o
 .text.SysTick_Handler
                0x0800261c       0x48 ./Dave/Generated/SYSTIMER/systimer.o
                0x0800261c                SysTick_Handler
 .text.SYSTIMER_Init
                0x08002664       0x74 ./Dave/Generated/SYSTIMER/systimer.o
                0x08002664                SYSTIMER_Init
 .text.SYSTIMER_CreateTimer
                0x080026d8      0x13c ./Dave/Generated/SYSTIMER/systimer.o
                0x080026d8                SYSTIMER_CreateTimer
 .text.SYSTIMER_StartTimer
                0x08002814       0x80 ./Dave/Generated/SYSTIMER/systimer.o
                0x08002814                SYSTIMER_StartTimer
 .text.SYSTIMER_StopTimer
                0x08002894       0x70 ./Dave/Generated/SYSTIMER/systimer.o
                0x08002894                SYSTIMER_StopTimer
 .text.SYSTIMER_DeleteTimer
                0x08002904       0x9c ./Dave/Generated/SYSTIMER/systimer.o
                0x08002904                SYSTIMER_DeleteTimer
 .text.SDMMC_BLOCK_Init
                0x080029a0       0x60 ./Dave/Generated/SDMMC_BLOCK/sdmmc_block.o
                0x080029a0                SDMMC_BLOCK_Init
 .text.SDMMC_BLOCK_Initialize
                0x08002a00       0x38 ./Dave/Generated/SDMMC_BLOCK/sdmmc_block.o
                0x08002a00                SDMMC_BLOCK_Initialize
 .text.SDMMC_BLOCK_ReadBlock
                0x08002a38       0x34 ./Dave/Generated/SDMMC_BLOCK/sdmmc_block.o
                0x08002a38                SDMMC_BLOCK_ReadBlock
 .text.SDMMC_BLOCK_WriteBlock
                0x08002a6c       0x34 ./Dave/Generated/SDMMC_BLOCK/sdmmc_block.o
                0x08002a6c                SDMMC_BLOCK_WriteBlock
 .text.SDMMC_BLOCK_GetStatus
                0x08002aa0       0x28 ./Dave/Generated/SDMMC_BLOCK/sdmmc_block.o
                0x08002aa0                SDMMC_BLOCK_GetStatus
 .text.SDMMC_BLOCK_Ioctl
                0x08002ac8      0x548 ./Dave/Generated/SDMMC_BLOCK/sdmmc_block.o
                0x08002ac8                SDMMC_BLOCK_Ioctl
 .text.SDMMC_BLOCK_lFlushDiskWriteCache
                0x08003010       0x18 ./Dave/Generated/SDMMC_BLOCK/sdmmc_block.o
 .text.XMC_SDMMC_SetCardDetectionSource
                0x08003028       0x3c ./Dave/Generated/SDMMC_BLOCK/sdmmc_block_conf.o
 .text.XMC_SDMMC_SetCardDetectionStatus
                0x08003064       0x3c ./Dave/Generated/SDMMC_BLOCK/sdmmc_block_conf.o
 .text.XMC_SDMMC_EnableDelayCmdDatLines
                0x080030a0       0x20 ./Dave/Generated/SDMMC_BLOCK/sdmmc_block_conf.o
 .text.XMC_SDMMC_SetDelay
                0x080030c0       0x30 ./Dave/Generated/SDMMC_BLOCK/sdmmc_block_conf.o
 .text.SDMMC0_0_IRQHandler
                0x080030f0       0x68 ./Dave/Generated/SDMMC_BLOCK/sdmmc_block_conf.o
                0x080030f0                SDMMC0_0_IRQHandler
 .text.SDMMC_BLOCK_0_Config_Init
                0x08003158      0x120 ./Dave/Generated/SDMMC_BLOCK/sdmmc_block_conf.o
 .text.__NVIC_GetPriorityGrouping
                0x08003278       0x1c ./Dave/Generated/SDMMC_BLOCK/sdmmc_block_private_sd.o
 .text.__NVIC_EnableIRQ
                0x08003294       0x38 ./Dave/Generated/SDMMC_BLOCK/sdmmc_block_private_sd.o
 .text.__NVIC_ClearPendingIRQ
                0x080032cc       0x3c ./Dave/Generated/SDMMC_BLOCK/sdmmc_block_private_sd.o
 .text.__NVIC_SetPriority
                0x08003308       0x54 ./Dave/Generated/SDMMC_BLOCK/sdmmc_block_private_sd.o
 .text.NVIC_EncodePriority
                0x0800335c       0x64 ./Dave/Generated/SDMMC_BLOCK/sdmmc_block_private_sd.o
 .text.XMC_SDMMC_IsAnyErrorEvent
                0x080033c0       0x24 ./Dave/Generated/SDMMC_BLOCK/sdmmc_block_private_sd.o
 .text.XMC_SDMMC_GetACMDErrStatus
                0x080033e4       0x30 ./Dave/Generated/SDMMC_BLOCK/sdmmc_block_private_sd.o
 .text.XMC_SDMMC_ReadFIFO
                0x08003414       0x18 ./Dave/Generated/SDMMC_BLOCK/sdmmc_block_private_sd.o
 .text.XMC_SDMMC_WriteFIFO
                0x0800342c       0x1c ./Dave/Generated/SDMMC_BLOCK/sdmmc_block_private_sd.o
 .text.XMC_SDMMC_BusPowerOn
                0x08003448       0x28 ./Dave/Generated/SDMMC_BLOCK/sdmmc_block_private_sd.o
 .text.XMC_SDMMC_Start
                0x08003470       0x24 ./Dave/Generated/SDMMC_BLOCK/sdmmc_block_private_sd.o
 .text.XMC_SDMMC_GetClockStability
                0x08003494       0x28 ./Dave/Generated/SDMMC_BLOCK/sdmmc_block_private_sd.o
 .text.XMC_SDMMC_Stop
                0x080034bc       0x24 ./Dave/Generated/SDMMC_BLOCK/sdmmc_block_private_sd.o
 .text.XMC_SDMMC_SDClockEnable
                0x080034e0       0x24 ./Dave/Generated/SDMMC_BLOCK/sdmmc_block_private_sd.o
 .text.XMC_SDMMC_SDClockDisable
                0x08003504       0x24 ./Dave/Generated/SDMMC_BLOCK/sdmmc_block_private_sd.o
 .text.XMC_SDMMC_SetSWReset
                0x08003528       0x2c ./Dave/Generated/SDMMC_BLOCK/sdmmc_block_private_sd.o
 .text.XMC_SDMMC_GetSWResetStatus
                0x08003554       0x1c ./Dave/Generated/SDMMC_BLOCK/sdmmc_block_private_sd.o
 .text.XMC_SDMMC_IsCommandLineBusy
                0x08003570       0x28 ./Dave/Generated/SDMMC_BLOCK/sdmmc_block_private_sd.o
 .text.XMC_SDMMC_IsDataLineBusy
                0x08003598       0x28 ./Dave/Generated/SDMMC_BLOCK/sdmmc_block_private_sd.o
 .text.XMC_SDMMC_IsAllDataLinesHigh
                0x080035c0       0x28 ./Dave/Generated/SDMMC_BLOCK/sdmmc_block_private_sd.o
 .text.XMC_SDMMC_SDClockFreqSelect
                0x080035e8       0x30 ./Dave/Generated/SDMMC_BLOCK/sdmmc_block_private_sd.o
 .text.XMC_SDMMC_SetBusVoltage
                0x08003618       0x34 ./Dave/Generated/SDMMC_BLOCK/sdmmc_block_private_sd.o
 .text.XMC_SDMMC_SetDataLineTimeout
                0x0800364c       0x30 ./Dave/Generated/SDMMC_BLOCK/sdmmc_block_private_sd.o
 .text.XMC_SDMMC_SetDataTransferWidth
                0x0800367c       0x40 ./Dave/Generated/SDMMC_BLOCK/sdmmc_block_private_sd.o
 .text.XMC_SDMMC_SetDataTransferDirection
                0x080036bc       0x38 ./Dave/Generated/SDMMC_BLOCK/sdmmc_block_private_sd.o
 .text.XMC_SDMMC_EnableHighSpeed
                0x080036f4       0x28 ./Dave/Generated/SDMMC_BLOCK/sdmmc_block_private_sd.o
 .text.XMC_SDMMC_DisableHighSpeed
                0x0800371c       0x28 ./Dave/Generated/SDMMC_BLOCK/sdmmc_block_private_sd.o
 .text.SDMMC_BLOCK_SD_lReset
                0x08003744       0x80 ./Dave/Generated/SDMMC_BLOCK/sdmmc_block_private_sd.o
 .text.SDMMC_BLOCK_SD_lCardCleanUp
                0x080037c4       0x60 ./Dave/Generated/SDMMC_BLOCK/sdmmc_block_private_sd.o
 .text.SDMMC_BLOCK_SD_lCheckDataCommandLines
                0x08003824      0x120 ./Dave/Generated/SDMMC_BLOCK/sdmmc_block_private_sd.o
 .text.SDMMC_BLOCK_SD_lCheckArgumentError
                0x08003944       0x58 ./Dave/Generated/SDMMC_BLOCK/sdmmc_block_private_sd.o
 .text.SDMMC_BLOCK_SD_lCheckEraseError
                0x0800399c       0x4c ./Dave/Generated/SDMMC_BLOCK/sdmmc_block_private_sd.o
 .text.SDMMC_BLOCK_SD_lCheckCardError
                0x080039e8       0x4c ./Dave/Generated/SDMMC_BLOCK/sdmmc_block_private_sd.o
 .text.SDMMC_BLOCK_SD_lCheckErrorInResponse
                0x08003a34       0x78 ./Dave/Generated/SDMMC_BLOCK/sdmmc_block_private_sd.o
 .text.SDMMC_BLOCK_SD_lGetCardLockState
                0x08003aac       0x48 ./Dave/Generated/SDMMC_BLOCK/sdmmc_block_private_sd.o
 .text.SDMMC_BLOCK_SD_lTransferDelay
                0x08003af4       0x90 ./Dave/Generated/SDMMC_BLOCK/sdmmc_block_private_sd.o
 .text.SDMMC_BLOCK_SD_lReadResponse
                0x08003b84      0x188 ./Dave/Generated/SDMMC_BLOCK/sdmmc_block_private_sd.o
 .text.SDMMC_BLOCK_SD_lSendCommand
                0x08003d0c      0x108 ./Dave/Generated/SDMMC_BLOCK/sdmmc_block_private_sd.o
 .text.SDMMC_BLOCK_SD_lSetVoltageWindow
                0x08003e14       0xbc ./Dave/Generated/SDMMC_BLOCK/sdmmc_block_private_sd.o
 .text.SDMMC_BLOCK_SD_lQueryOperatingCondition
                0x08003ed0       0x88 ./Dave/Generated/SDMMC_BLOCK/sdmmc_block_private_sd.o
 .text.SDMMC_BLOCK_SD_lQueryVoltage
                0x08003f58       0x94 ./Dave/Generated/SDMMC_BLOCK/sdmmc_block_private_sd.o
 .text.SDMMC_BLOCK_SD_lAfterCardInitialize
                0x08003fec       0xa0 ./Dave/Generated/SDMMC_BLOCK/sdmmc_block_private_sd.o
 .text.SDMMC_BLOCK_SD_lInitializeCard
                0x0800408c       0xe0 ./Dave/Generated/SDMMC_BLOCK/sdmmc_block_private_sd.o
 .text.SDMMC_BLOCK_SD_lWriteCardType
                0x0800416c       0x5c ./Dave/Generated/SDMMC_BLOCK/sdmmc_block_private_sd.o
 .text.SDMMC_BLOCK_SD_lGetWriteProtect
                0x080041c8       0x6c ./Dave/Generated/SDMMC_BLOCK/sdmmc_block_private_sd.o
 .text.SDMMC_BLOCK_SD_lReadRca
                0x08004234       0x38 ./Dave/Generated/SDMMC_BLOCK/sdmmc_block_private_sd.o
 .text.SDMMC_BLOCK_SD_lReadCardRegisters
                0x0800426c      0x12c ./Dave/Generated/SDMMC_BLOCK/sdmmc_block_private_sd.o
 .text.SDMMC_BLOCK_SD_lConfigureSingleBlockTransfer
                0x08004398       0x5c ./Dave/Generated/SDMMC_BLOCK/sdmmc_block_private_sd.o
 .text.SDMMC_BLOCK_SD_lConfigureMultiBlockTransfer
                0x080043f4       0x84 ./Dave/Generated/SDMMC_BLOCK/sdmmc_block_private_sd.o
 .text.SDMMC_BLOCK_SD_lMultiBlockTransfer
                0x08004478       0x94 ./Dave/Generated/SDMMC_BLOCK/sdmmc_block_private_sd.o
 .text.SDMMC_BLOCK_SD_lSingleBlockTransfer
                0x0800450c       0xd0 ./Dave/Generated/SDMMC_BLOCK/sdmmc_block_private_sd.o
 .text.SDMMC_BLOCK_SD_lCheckLockStatus
                0x080045dc       0x54 ./Dave/Generated/SDMMC_BLOCK/sdmmc_block_private_sd.o
 .text.SDMMC_BLOCK_SD_lSwitchBusWidth
                0x08004630       0xbc ./Dave/Generated/SDMMC_BLOCK/sdmmc_block_private_sd.o
 .text.SDMMC_BLOCK_SD_lSwitchSpeed
                0x080046ec       0xa8 ./Dave/Generated/SDMMC_BLOCK/sdmmc_block_private_sd.o
 .text.SDMMC_BLOCK_SD_lCommandDelay
                0x08004794       0x9c ./Dave/Generated/SDMMC_BLOCK/sdmmc_block_private_sd.o
 .text.SDMMC_BLOCK_SD_lErrorInterruptRecovery
                0x08004830      0x1a4 ./Dave/Generated/SDMMC_BLOCK/sdmmc_block_private_sd.o
 .text.SDMMC_BLOCK_SD_NormalInterruptHandler
                0x080049d4       0xd8 ./Dave/Generated/SDMMC_BLOCK/sdmmc_block_private_sd.o
                0x080049d4                SDMMC_BLOCK_SD_NormalInterruptHandler
 .text.SDMMC_BLOCK_SD_ErrorInterruptHandler
                0x08004aac      0x1f0 ./Dave/Generated/SDMMC_BLOCK/sdmmc_block_private_sd.o
                0x08004aac                SDMMC_BLOCK_SD_ErrorInterruptHandler
 .text.SDMMC_BLOCK_SD_lSwitchToTransferState
                0x08004c9c       0x88 ./Dave/Generated/SDMMC_BLOCK/sdmmc_block_private_sd.o
 .text.SDMMC_BLOCK_SD_lDataTransfer
                0x08004d24       0xe0 ./Dave/Generated/SDMMC_BLOCK/sdmmc_block_private_sd.o
 .text.SDMMC_BLOCK_SD_lAcmdErrorRecovery
                0x08004e04       0xe4 ./Dave/Generated/SDMMC_BLOCK/sdmmc_block_private_sd.o
 .text.SDMMC_BLOCK_SD_TimerCallback
                0x08004ee8       0x28 ./Dave/Generated/SDMMC_BLOCK/sdmmc_block_private_sd.o
 .text.SDMMC_BLOCK_SD_lDelay
                0x08004f10       0x90 ./Dave/Generated/SDMMC_BLOCK/sdmmc_block_private_sd.o
 .text.SDMMC_BLOCK_SD_CardIdentificationProcess
                0x08004fa0       0xd0 ./Dave/Generated/SDMMC_BLOCK/sdmmc_block_private_sd.o
                0x08004fa0                SDMMC_BLOCK_SD_CardIdentificationProcess
 .text.SDMMC_BLOCK_SD_lStartTimer
                0x08005070       0x74 ./Dave/Generated/SDMMC_BLOCK/sdmmc_block_private_sd.o
 .text.SDMMC_BLOCK_SD_lStopTimer
                0x080050e4       0x3c ./Dave/Generated/SDMMC_BLOCK/sdmmc_block_private_sd.o
 .text.SDMMC_BLOCK_SD_lCheckSectorBound
                0x08005120       0x40 ./Dave/Generated/SDMMC_BLOCK/sdmmc_block_private_sd.o
 .text.SDMMC_BLOCK_SD_lLocalErase
                0x08005160      0x114 ./Dave/Generated/SDMMC_BLOCK/sdmmc_block_private_sd.o
 .text.SDMMC_BLOCK_SD_lHostControllerInit
                0x08005274       0xc8 ./Dave/Generated/SDMMC_BLOCK/sdmmc_block_private_sd.o
 .text.SDMMC_BLOCK_SD_lHostControllerDeInit
                0x0800533c       0x34 ./Dave/Generated/SDMMC_BLOCK/sdmmc_block_private_sd.o
 .text.SDMMC_BLOCK_SD_lCardReadMultipleBlocks
                0x08005370       0x8c ./Dave/Generated/SDMMC_BLOCK/sdmmc_block_private_sd.o
 .text.SDMMC_BLOCK_SD_lCardReadSingleBlock
                0x080053fc       0x84 ./Dave/Generated/SDMMC_BLOCK/sdmmc_block_private_sd.o
 .text.SDMMC_BLOCK_SD_lCardWriteMultipleBlocks
                0x08005480       0x8c ./Dave/Generated/SDMMC_BLOCK/sdmmc_block_private_sd.o
 .text.SDMMC_BLOCK_SD_lCardWriteSingleBlock
                0x0800550c       0x84 ./Dave/Generated/SDMMC_BLOCK/sdmmc_block_private_sd.o
 .text.SDMMC_BLOCK_SD_EraseBlock
                0x08005590      0x1e8 ./Dave/Generated/SDMMC_BLOCK/sdmmc_block_private_sd.o
                0x08005590                SDMMC_BLOCK_SD_EraseBlock
 .text.SDMMC_BLOCK_SD_LockUnlockCard
                0x08005778      0x108 ./Dave/Generated/SDMMC_BLOCK/sdmmc_block_private_sd.o
                0x08005778                SDMMC_BLOCK_SD_LockUnlockCard
 .text.SDMMC_BLOCK_SD_GetLockStatus
                0x08005880       0x8c ./Dave/Generated/SDMMC_BLOCK/sdmmc_block_private_sd.o
                0x08005880                SDMMC_BLOCK_SD_GetLockStatus
 .text.SDMMC_BLOCK_SD_GetState
                0x0800590c       0x20 ./Dave/Generated/SDMMC_BLOCK/sdmmc_block_private_sd.o
                0x0800590c                SDMMC_BLOCK_SD_GetState
 .text.SDMMC_BLOCK_SD_GetCardType
                0x0800592c       0x24 ./Dave/Generated/SDMMC_BLOCK/sdmmc_block_private_sd.o
                0x0800592c                SDMMC_BLOCK_SD_GetCardType
 .text.SDMMC_BLOCK_SD_GetCid
                0x08005950       0xc0 ./Dave/Generated/SDMMC_BLOCK/sdmmc_block_private_sd.o
                0x08005950                SDMMC_BLOCK_SD_GetCid
 .text.SDMMC_BLOCK_SD_GetOcr
                0x08005a10       0x24 ./Dave/Generated/SDMMC_BLOCK/sdmmc_block_private_sd.o
                0x08005a10                SDMMC_BLOCK_SD_GetOcr
 .text.SDMMC_BLOCK_SD_GetCsd
                0x08005a34       0x28 ./Dave/Generated/SDMMC_BLOCK/sdmmc_block_private_sd.o
                0x08005a34                SDMMC_BLOCK_SD_GetCsd
 .text.SDMMC_BLOCK_SD_GetSectorCount
                0x08005a5c       0xdc ./Dave/Generated/SDMMC_BLOCK/sdmmc_block_private_sd.o
                0x08005a5c                SDMMC_BLOCK_SD_GetSectorCount
 .text.SDMMC_BLOCK_SD_GetSectorSize
                0x08005b38       0x20 ./Dave/Generated/SDMMC_BLOCK/sdmmc_block_private_sd.o
                0x08005b38                SDMMC_BLOCK_SD_GetSectorSize
 .text.SDMMC_BLOCK_SD_GetBlockSize
                0x08005b58       0xb0 ./Dave/Generated/SDMMC_BLOCK/sdmmc_block_private_sd.o
                0x08005b58                SDMMC_BLOCK_SD_GetBlockSize
 .text.SDMMC_BLOCK_SD_GetSdStatus
                0x08005c08       0x98 ./Dave/Generated/SDMMC_BLOCK/sdmmc_block_private_sd.o
                0x08005c08                SDMMC_BLOCK_SD_GetSdStatus
 .text.SDMMC_BLOCK_SD_EjectCard
                0x08005ca0       0x6c ./Dave/Generated/SDMMC_BLOCK/sdmmc_block_private_sd.o
                0x08005ca0                SDMMC_BLOCK_SD_EjectCard
 .text.SDMMC_BLOCK_SD_Start
                0x08005d0c       0x60 ./Dave/Generated/SDMMC_BLOCK/sdmmc_block_private_sd.o
                0x08005d0c                SDMMC_BLOCK_SD_Start
 .text.SDMMC_BLOCK_SD_Init
                0x08005d6c       0x3c ./Dave/Generated/SDMMC_BLOCK/sdmmc_block_private_sd.o
                0x08005d6c                SDMMC_BLOCK_SD_Init
 .text.SDMMC_BLOCK_SD_ReadBlock
                0x08005da8       0xa8 ./Dave/Generated/SDMMC_BLOCK/sdmmc_block_private_sd.o
                0x08005da8                SDMMC_BLOCK_SD_ReadBlock
 .text.SDMMC_BLOCK_SD_WriteBlock
                0x08005e50       0xbc ./Dave/Generated/SDMMC_BLOCK/sdmmc_block_private_sd.o
                0x08005e50                SDMMC_BLOCK_SD_WriteBlock
 .text.RTC_Start
                0x08005f0c        0xc ./Dave/Generated/RTC/rtc.o
 .text.RTC_Init
                0x08005f18       0x80 ./Dave/Generated/RTC/rtc.o
                0x08005f18                RTC_Init
 .text.RTC_lConfigureInterrupts
                0x08005f98       0x78 ./Dave/Generated/RTC/rtc.o
                0x08005f98                RTC_lConfigureInterrupts
 .text.RTC_lRegister_Callbacks
                0x08006010       0x24 ./Dave/Generated/RTC/rtc.o
                0x08006010                RTC_lRegister_Callbacks
 .text.RTC_GetTime
                0x08006034       0x50 ./Dave/Generated/RTC/rtc.o
                0x08006034                RTC_GetTime
 .text.__NVIC_GetPriorityGrouping
                0x08006084       0x1c ./Dave/Generated/INTERRUPT/interrupt.o
 .text.__NVIC_EnableIRQ
                0x080060a0       0x38 ./Dave/Generated/INTERRUPT/interrupt.o
 .text.__NVIC_SetPriority
                0x080060d8       0x54 ./Dave/Generated/INTERRUPT/interrupt.o
 .text.NVIC_EncodePriority
                0x0800612c       0x64 ./Dave/Generated/INTERRUPT/interrupt.o
 .text.INTERRUPT_Enable
                0x08006190       0x1c ./Dave/Generated/INTERRUPT/interrupt.o
 .text.INTERRUPT_Init
                0x080061ac       0x4c ./Dave/Generated/INTERRUPT/interrupt.o
                0x080061ac                INTERRUPT_Init
 .text.XMC_USIC_CH_TXFIFO_IsFull
                0x080061f8       0x28 ./Dave/Generated/I2C_MASTER/i2c_master.o
 .text.XMC_USIC_CH_TXFIFO_IsEmpty
                0x08006220       0x28 ./Dave/Generated/I2C_MASTER/i2c_master.o
 .text.XMC_I2C_CH_GetStatusFlag
                0x08006248       0x18 ./Dave/Generated/I2C_MASTER/i2c_master.o
 .text.XMC_I2C_CH_ClearStatusFlag
                0x08006260       0x20 ./Dave/Generated/I2C_MASTER/i2c_master.o
 .text.I2C_MASTER_IsTXFIFOFull
                0x08006280       0x1c ./Dave/Generated/I2C_MASTER/i2c_master.o
 .text.I2C_MASTER_TransmitByte
                0x0800629c       0x20 ./Dave/Generated/I2C_MASTER/i2c_master.o
 .text.I2C_MASTER_SendStop
                0x080062bc       0x24 ./Dave/Generated/I2C_MASTER/i2c_master.o
 .text.I2C_MASTER_SendStart
                0x080062e0       0x34 ./Dave/Generated/I2C_MASTER/i2c_master.o
 .text.I2C_MASTER_SendRepeatedStart
                0x08006314       0x34 ./Dave/Generated/I2C_MASTER/i2c_master.o
 .text.I2C_MASTER_Init
                0x08006348       0x2c ./Dave/Generated/I2C_MASTER/i2c_master.o
                0x08006348                I2C_MASTER_Init
 .text.I2C_MASTER_GetFlagStatus
                0x08006374       0x24 ./Dave/Generated/I2C_MASTER/i2c_master.o
                0x08006374                I2C_MASTER_GetFlagStatus
 .text.I2C_MASTER_ClearFlag
                0x08006398       0x1c ./Dave/Generated/I2C_MASTER/i2c_master.o
                0x08006398                I2C_MASTER_ClearFlag
 .text.I2C_MASTER_Transmit
                0x080063b4       0x54 ./Dave/Generated/I2C_MASTER/i2c_master.o
                0x080063b4                I2C_MASTER_Transmit
 .text.I2C_MASTER_lSendStart_Or_RepeatedStart
                0x08006408       0x54 ./Dave/Generated/I2C_MASTER/i2c_master.o
 .text.I2C_MASTER_lStartTransmitPolling
                0x0800645c      0x154 ./Dave/Generated/I2C_MASTER/i2c_master.o
 .text.XMC_USIC_CH_SetInputSource
                0x080065b0       0x3c ./Dave/Generated/I2C_MASTER/i2c_master_conf.o
 .text.XMC_USIC_CH_SetMode
                0x080065ec       0x28 ./Dave/Generated/I2C_MASTER/i2c_master_conf.o
 .text.XMC_I2C_CH_Start
                0x08006614       0x18 ./Dave/Generated/I2C_MASTER/i2c_master_conf.o
 .text.I2C_LCD_disable_io
                0x0800662c       0x20 ./Dave/Generated/I2C_MASTER/i2c_master_conf.o
 .text.I2C_LCD_enable_io
                0x0800664c       0x24 ./Dave/Generated/I2C_MASTER/i2c_master_conf.o
 .text.I2C_LCD_init
                0x08006670       0x50 ./Dave/Generated/I2C_MASTER/i2c_master_conf.o
                0x08006670                I2C_LCD_init
 .text.XMC_CCU4_StartPrescaler
                0x080066c0       0x20 ./Dave/Generated/GLOBAL_CCU4/global_ccu4.o
 .text.GLOBAL_CCU4_Init
                0x080066e0       0x40 ./Dave/Generated/GLOBAL_CCU4/global_ccu4.o
                0x080066e0                GLOBAL_CCU4_Init
 .text.GLOBAL_CAN_Init
                0x08006720       0x40 ./Dave/Generated/GLOBAL_CAN/global_can.o
                0x08006720                GLOBAL_CAN_Init
 .text.ld_word  0x08006760       0x30 ./Dave/Generated/FATFS/ff_Src/ff.o
 .text.ld_dword
                0x08006790       0x48 ./Dave/Generated/FATFS/ff_Src/ff.o
 .text.st_word  0x080067d8       0x34 ./Dave/Generated/FATFS/ff_Src/ff.o
 .text.st_dword
                0x0800680c       0x58 ./Dave/Generated/FATFS/ff_Src/ff.o
 .text.mem_cpy  0x08006864       0x40 ./Dave/Generated/FATFS/ff_Src/ff.o
 .text.mem_set  0x080068a4       0x34 ./Dave/Generated/FATFS/ff_Src/ff.o
 .text.mem_cmp  0x080068d8       0x50 ./Dave/Generated/FATFS/ff_Src/ff.o
 .text.chk_chr  0x08006928       0x38 ./Dave/Generated/FATFS/ff_Src/ff.o
 .text.dbc_1st  0x08006960       0x24 ./Dave/Generated/FATFS/ff_Src/ff.o
 .text.dbc_2nd  0x08006984       0x24 ./Dave/Generated/FATFS/ff_Src/ff.o
 .text.tchar2uni
                0x080069a8       0x8c ./Dave/Generated/FATFS/ff_Src/ff.o
 .text.chk_lock
                0x08006a34       0xb4 ./Dave/Generated/FATFS/ff_Src/ff.o
 .text.enq_lock
                0x08006ae8       0x44 ./Dave/Generated/FATFS/ff_Src/ff.o
 .text.inc_lock
                0x08006b2c      0x118 ./Dave/Generated/FATFS/ff_Src/ff.o
 .text.dec_lock
                0x08006c44       0x78 ./Dave/Generated/FATFS/ff_Src/ff.o
 .text.clear_lock
                0x08006cbc       0x44 ./Dave/Generated/FATFS/ff_Src/ff.o
 .text.sync_window
                0x08006d00       0x80 ./Dave/Generated/FATFS/ff_Src/ff.o
 .text.move_window
                0x08006d80       0x5c ./Dave/Generated/FATFS/ff_Src/ff.o
 .text.sync_fs  0x08006ddc       0xdc ./Dave/Generated/FATFS/ff_Src/ff.o
 .text.clst2sect
                0x08006eb8       0x40 ./Dave/Generated/FATFS/ff_Src/ff.o
 .text.get_fat  0x08006ef8      0x140 ./Dave/Generated/FATFS/ff_Src/ff.o
 .text.put_fat  0x08007038      0x1bc ./Dave/Generated/FATFS/ff_Src/ff.o
 .text.remove_chain
                0x080071f4       0xc8 ./Dave/Generated/FATFS/ff_Src/ff.o
 .text.create_chain
                0x080072bc      0x1a4 ./Dave/Generated/FATFS/ff_Src/ff.o
 .text.dir_clear
                0x08007460       0x94 ./Dave/Generated/FATFS/ff_Src/ff.o
 .text.dir_sdi  0x080074f4       0xf4 ./Dave/Generated/FATFS/ff_Src/ff.o
 .text.dir_next
                0x080075e8      0x12c ./Dave/Generated/FATFS/ff_Src/ff.o
 .text.dir_alloc
                0x08007714       0x90 ./Dave/Generated/FATFS/ff_Src/ff.o
 .text.ld_clust
                0x080077a4       0x40 ./Dave/Generated/FATFS/ff_Src/ff.o
 .text.st_clust
                0x080077e4       0x40 ./Dave/Generated/FATFS/ff_Src/ff.o
 .text.cmp_lfn  0x08007824       0xdc ./Dave/Generated/FATFS/ff_Src/ff.o
 .text.put_lfn  0x08007900       0xcc ./Dave/Generated/FATFS/ff_Src/ff.o
 .text.gen_numname
                0x080079cc      0x140 ./Dave/Generated/FATFS/ff_Src/ff.o
 .text.sum_sfn  0x08007b0c       0x44 ./Dave/Generated/FATFS/ff_Src/ff.o
 .text.dir_find
                0x08007b50      0x17c ./Dave/Generated/FATFS/ff_Src/ff.o
 .text.dir_register
                0x08007ccc      0x1f4 ./Dave/Generated/FATFS/ff_Src/ff.o
 .text.create_name
                0x08007ec0      0x440 ./Dave/Generated/FATFS/ff_Src/ff.o
 .text.follow_path
                0x08008300      0x118 ./Dave/Generated/FATFS/ff_Src/ff.o
 .text.get_ldnumber
                0x08008418       0x90 ./Dave/Generated/FATFS/ff_Src/ff.o
 .text.check_fs
                0x080084a8       0xa8 ./Dave/Generated/FATFS/ff_Src/ff.o
 .text.find_volume
                0x08008550      0x498 ./Dave/Generated/FATFS/ff_Src/ff.o
 .text.validate
                0x080089e8       0x6c ./Dave/Generated/FATFS/ff_Src/ff.o
 .text.f_mount  0x08008a54       0x88 ./Dave/Generated/FATFS/ff_Src/ff.o
                0x08008a54                f_mount
 .text.f_open   0x08008adc      0x37c ./Dave/Generated/FATFS/ff_Src/ff.o
                0x08008adc                f_open
 .text.f_write  0x08008e58      0x2dc ./Dave/Generated/FATFS/ff_Src/ff.o
                0x08008e58                f_write
 .text.f_sync   0x08009134      0x108 ./Dave/Generated/FATFS/ff_Src/ff.o
                0x08009134                f_sync
 .text.f_close  0x0800923c       0x54 ./Dave/Generated/FATFS/ff_Src/ff.o
                0x0800923c                f_close
 .text.f_lseek  0x08009290      0x264 ./Dave/Generated/FATFS/ff_Src/ff.o
                0x08009290                f_lseek
 .text.ff_uni2oem
                0x080094f4       0x74 ./Dave/Generated/FATFS/ff_Src/ffunicode.o
                0x080094f4                ff_uni2oem
 .text.ff_oem2uni
                0x08009568       0x58 ./Dave/Generated/FATFS/ff_Src/ffunicode.o
                0x08009568                ff_oem2uni
 .text.ff_wtoupper
                0x080095c0      0x124 ./Dave/Generated/FATFS/ff_Src/ffunicode.o
                0x080095c0                ff_wtoupper
 .text.FATFS_Init
                0x080096e4       0x74 ./Dave/Generated/FATFS/fatfs.o
                0x080096e4                FATFS_Init
 .text.disk_initialize
                0x08009758       0x50 ./Dave/Generated/FATFS/fatfs.o
                0x08009758                disk_initialize
 .text.disk_status
                0x080097a8       0x4c ./Dave/Generated/FATFS/fatfs.o
                0x080097a8                disk_status
 .text.disk_read
                0x080097f4       0x64 ./Dave/Generated/FATFS/fatfs.o
                0x080097f4                disk_read
 .text.disk_write
                0x08009858       0x64 ./Dave/Generated/FATFS/fatfs.o
                0x08009858                disk_write
 .text.disk_ioctl
                0x080098bc       0x58 ./Dave/Generated/FATFS/fatfs.o
                0x080098bc                disk_ioctl
 .text.get_fattime
                0x08009914       0x64 ./Dave/Generated/FATFS/fatfs.o
                0x08009914                get_fattime
 .text.__NVIC_SetPriorityGrouping
                0x08009978       0x48 ./Dave/Generated/CPU_CTRL_XMC4/cpu_ctrl_xmc4_conf.o
 .text.SystemCoreSetup
                0x080099c0       0xa0 ./Dave/Generated/CPU_CTRL_XMC4/cpu_ctrl_xmc4_conf.o
                0x080099c0                SystemCoreSetup
 .text.CLOCK_XMC4_Init
                0x08009a60       0x20 ./Dave/Generated/CLOCK_XMC4/clock_xmc4.o
                0x08009a60                CLOCK_XMC4_Init
 .text.OSCHP_GetFrequency
                0x08009a80       0x14 ./Dave/Generated/CLOCK_XMC4/clock_xmc4.o
                0x08009a80                OSCHP_GetFrequency
 .text.SystemCoreClockSetup
                0x08009a94       0x40 ./Dave/Generated/CLOCK_XMC4/clock_xmc4_conf.o
                0x08009a94                SystemCoreClockSetup
 .text.XMC_CAN_NODE_SetEventNodePointer
                0x08009ad4       0x38 ./Dave/Generated/CAN_NODE/can_node.o
 .text.XMC_CAN_NODE_SetReceiveInput
                0x08009b0c       0x2c ./Dave/Generated/CAN_NODE/can_node.o
 .text.XMC_CAN_NODE_EnableLoopBack
                0x08009b38       0x20 ./Dave/Generated/CAN_NODE/can_node.o
 .text.XMC_CAN_NODE_EnableConfigurationChange
                0x08009b58       0x20 ./Dave/Generated/CAN_NODE/can_node.o
 .text.XMC_CAN_NODE_DisableConfigurationChange
                0x08009b78       0x20 ./Dave/Generated/CAN_NODE/can_node.o
 .text.XMC_CAN_NODE_SetInitBit
                0x08009b98       0x20 ./Dave/Generated/CAN_NODE/can_node.o
 .text.XMC_CAN_NODE_ResetInitBit
                0x08009bb8       0x20 ./Dave/Generated/CAN_NODE/can_node.o
 .text.XMC_CAN_MO_SetEventNodePointer
                0x08009bd8       0x3c ./Dave/Generated/CAN_NODE/can_node.o
 .text.XMC_CAN_MO_EnableEvent
                0x08009c14       0x24 ./Dave/Generated/CAN_NODE/can_node.o
 .text.CAN_NODE_MO_EnableTxEvent
                0x08009c38       0x1c ./Dave/Generated/CAN_NODE/can_node.o
 .text.CAN_NODE_MO_EnableRxEvent
                0x08009c54       0x1c ./Dave/Generated/CAN_NODE/can_node.o
 .text.CAN_NODE_SetNodeEvents
                0x08009c70       0x74 ./Dave/Generated/CAN_NODE/can_node.o
 .text.CAN_NODE_SetNodePointer
                0x08009ce4       0x68 ./Dave/Generated/CAN_NODE/can_node.o
 .text.CAN_NODE_MO_Init
                0x08009d4c       0x58 ./Dave/Generated/CAN_NODE/can_node.o
                0x08009d4c                CAN_NODE_MO_Init
 .text.CAN_NODE_MO_Transmit
                0x08009da4       0x24 ./Dave/Generated/CAN_NODE/can_node.o
                0x08009da4                CAN_NODE_MO_Transmit
 .text.CAN_NODE_MO_Receive
                0x08009dc8       0x24 ./Dave/Generated/CAN_NODE/can_node.o
                0x08009dc8                CAN_NODE_MO_Receive
 .text.CAN_NODE_MO_UpdateData
                0x08009dec       0x40 ./Dave/Generated/CAN_NODE/can_node.o
                0x08009dec                CAN_NODE_MO_UpdateData
 .text.CAN_NODE_Init
                0x08009e2c      0x13c ./Dave/Generated/CAN_NODE/can_node.o
                0x08009e2c                CAN_NODE_Init
 .text.DAVE_Init
                0x08009f68       0xb0 ./Dave/Generated/DAVE.o
                0x08009f68                DAVE_Init
 .text.LCDWriteData
                0x0800a018       0xe4 ./LCD_I2C.o
                0x0800a018                LCDWriteData
 .text.LCDWriteCommand
                0x0800a0fc       0xe4 ./LCD_I2C.o
                0x0800a0fc                LCDWriteCommand
 .text.LCDCursorXY
                0x0800a1e0       0x78 ./LCD_I2C.o
                0x0800a1e0                LCDCursorXY
 .text.LCDWriteString
                0x0800a258       0x28 ./LCD_I2C.o
                0x0800a258                LCDWriteString
 .text.LCDInit  0x0800a280       0x30 ./LCD_I2C.o
                0x0800a280                LCDInit
 .text.XMC_GPIO_SetOutputLow
                0x0800a2b0       0x24 ./main.o
 .text.XMC_GPIO_ToggleOutput
                0x0800a2d4       0x24 ./main.o
 .text.XMC_GPIO_GetInput
                0x0800a2f8       0x28 ./main.o
 .text.CCU43_1_IRQHandler
                0x0800a320       0xc0 ./main.o
                0x0800a320                CCU43_1_IRQHandler
 .text.CAN0_1_IRQHandler
                0x0800a3e0       0x70 ./main.o
                0x0800a3e0                CAN0_1_IRQHandler
 .text.CAN0_0_IRQHandler
                0x0800a450      0x5ac ./main.o
                0x0800a450                CAN0_0_IRQHandler
 .text.writeToEndOfFile
                0x0800a9fc       0x78 ./main.o
                0x0800a9fc                writeToEndOfFile
 .text.UpdateLCD
                0x0800aa74      0x1bc ./main.o
                0x0800aa74                UpdateLCD
 .text.UpdateSDCard
                0x0800ac30      0x22c ./main.o
                0x0800ac30                UpdateSDCard
 .text.isLeapYear
                0x0800ae5c       0x60 ./main.o
                0x0800ae5c                isLeapYear
 .text.setTimer
                0x0800aebc      0x5d8 ./main.o
                0x0800aebc                setTimer
 .text.main     0x0800b494      0x258 ./main.o
                0x0800b494                main
 .text          0x0800b6ec      0x370 c:/dave-ide-4.4.2-64bit/eclipse/arm-gcc-49/bin/../lib/gcc/arm-none-eabi/4.9.3/armv7e-m/softfp\libgcc.a(_arm_addsubdf3.o)
                0x0800b6ec                __aeabi_drsub
                0x0800b6f4                __aeabi_dsub
                0x0800b6f4                __subdf3
                0x0800b6f8                __aeabi_dadd
                0x0800b6f8                __adddf3
                0x0800b970                __floatunsidf
                0x0800b970                __aeabi_ui2d
                0x0800b990                __floatsidf
                0x0800b990                __aeabi_i2d
                0x0800b9b4                __aeabi_f2d
                0x0800b9b4                __extendsfdf2
                0x0800b9f0                __floatundidf
                0x0800b9f0                __aeabi_ul2d
                0x0800ba00                __floatdidf
                0x0800ba00                __aeabi_l2d
 .text          0x0800ba5c      0x424 c:/dave-ide-4.4.2-64bit/eclipse/arm-gcc-49/bin/../lib/gcc/arm-none-eabi/4.9.3/armv7e-m/softfp\libgcc.a(_arm_muldivdf3.o)
                0x0800ba5c                __aeabi_dmul
                0x0800ba5c                __muldf3
                0x0800bcb0                __divdf3
                0x0800bcb0                __aeabi_ddiv
 .text          0x0800be80       0xa0 c:/dave-ide-4.4.2-64bit/eclipse/arm-gcc-49/bin/../lib/gcc/arm-none-eabi/4.9.3/armv7e-m/softfp\libgcc.a(_arm_truncdfsf2.o)
                0x0800be80                __truncdfsf2
                0x0800be80                __aeabi_d2f
 .text.__errno  0x0800bf20        0xc c:/dave-ide-4.4.2-64bit/eclipse/arm-gcc-49/bin/../lib/gcc/arm-none-eabi/4.9.3/../../../../arm-none-eabi/lib/armv7e-m/softfp\libg_nano.a(lib_a-errno.o)
                0x0800bf20                __errno
 .text.__libc_init_array
                0x0800bf2c       0x4c c:/dave-ide-4.4.2-64bit/eclipse/arm-gcc-49/bin/../lib/gcc/arm-none-eabi/4.9.3/../../../../arm-none-eabi/lib/armv7e-m/softfp\libg_nano.a(lib_a-init.o)
                0x0800bf2c                __libc_init_array
 .text.memcpy   0x0800bf78       0x16 c:/dave-ide-4.4.2-64bit/eclipse/arm-gcc-49/bin/../lib/gcc/arm-none-eabi/4.9.3/../../../../arm-none-eabi/lib/armv7e-m/softfp\libg_nano.a(lib_a-memcpy.o)
                0x0800bf78                memcpy
 .text.memset   0x0800bf8e       0x10 c:/dave-ide-4.4.2-64bit/eclipse/arm-gcc-49/bin/../lib/gcc/arm-none-eabi/4.9.3/../../../../arm-none-eabi/lib/armv7e-m/softfp\libg_nano.a(lib_a-memset.o)
                0x0800bf8e                memset
 .text.__cvt    0x0800bf9e       0xc0 c:/dave-ide-4.4.2-64bit/eclipse/arm-gcc-49/bin/../lib/gcc/arm-none-eabi/4.9.3/../../../../arm-none-eabi/lib/armv7e-m/softfp\libg_nano.a(lib_a-nano-vfprintf_float.o)
                0x0800bf9e                __cvt
 .text.__exponent
                0x0800c05e       0x60 c:/dave-ide-4.4.2-64bit/eclipse/arm-gcc-49/bin/../lib/gcc/arm-none-eabi/4.9.3/../../../../arm-none-eabi/lib/armv7e-m/softfp\libg_nano.a(lib_a-nano-vfprintf_float.o)
                0x0800c05e                __exponent
 *fill*         0x0800c0be        0x2 
 .text._printf_float
                0x0800c0c0      0x488 c:/dave-ide-4.4.2-64bit/eclipse/arm-gcc-49/bin/../lib/gcc/arm-none-eabi/4.9.3/../../../../arm-none-eabi/lib/armv7e-m/softfp\libg_nano.a(lib_a-nano-vfprintf_float.o)
                0x0800c0c0                _printf_float
 .text._printf_common
                0x0800c548       0xea c:/dave-ide-4.4.2-64bit/eclipse/arm-gcc-49/bin/../lib/gcc/arm-none-eabi/4.9.3/../../../../arm-none-eabi/lib/armv7e-m/softfp\libg_nano.a(lib_a-nano-vfprintf_i.o)
                0x0800c548                _printf_common
 *fill*         0x0800c632        0x2 
 .text._printf_i
                0x0800c634      0x234 c:/dave-ide-4.4.2-64bit/eclipse/arm-gcc-49/bin/../lib/gcc/arm-none-eabi/4.9.3/../../../../arm-none-eabi/lib/armv7e-m/softfp\libg_nano.a(lib_a-nano-vfprintf_i.o)
                0x0800c634                _printf_i
 .text._scanf_float
                0x0800c868      0x3cc c:/dave-ide-4.4.2-64bit/eclipse/arm-gcc-49/bin/../lib/gcc/arm-none-eabi/4.9.3/../../../../arm-none-eabi/lib/armv7e-m/softfp\libg_nano.a(lib_a-nano-vfscanf_float.o)
                0x0800c868                _scanf_float
 .text.__fpclassifyd
                0x0800cc34       0x54 c:/dave-ide-4.4.2-64bit/eclipse/arm-gcc-49/bin/../lib/gcc/arm-none-eabi/4.9.3/../../../../arm-none-eabi/lib/armv7e-m/softfp\libg_nano.a(lib_a-s_fpclassify.o)
                0x0800cc34                __fpclassifyd
 .text.nanf     0x0800cc88        0x8 c:/dave-ide-4.4.2-64bit/eclipse/arm-gcc-49/bin/../lib/gcc/arm-none-eabi/4.9.3/../../../../arm-none-eabi/lib/armv7e-m/softfp\libg_nano.a(lib_a-sf_nan.o)
                0x0800cc88                nanf
 .text.sprintf  0x0800cc90       0x48 c:/dave-ide-4.4.2-64bit/eclipse/arm-gcc-49/bin/../lib/gcc/arm-none-eabi/4.9.3/../../../../arm-none-eabi/lib/armv7e-m/softfp\libg_nano.a(lib_a-sprintf.o)
                0x0800cc90                siprintf
                0x0800cc90                sprintf
 .text.strcat   0x0800ccd8       0x1e c:/dave-ide-4.4.2-64bit/eclipse/arm-gcc-49/bin/../lib/gcc/arm-none-eabi/4.9.3/../../../../arm-none-eabi/lib/armv7e-m/softfp\libg_nano.a(lib_a-strcat.o)
                0x0800ccd8                strcat
 .text.strcpy   0x0800ccf6       0x10 c:/dave-ide-4.4.2-64bit/eclipse/arm-gcc-49/bin/../lib/gcc/arm-none-eabi/4.9.3/../../../../arm-none-eabi/lib/armv7e-m/softfp\libg_nano.a(lib_a-strcpy.o)
                0x0800ccf6                strcpy
 .text.strlen   0x0800cd06       0x10 c:/dave-ide-4.4.2-64bit/eclipse/arm-gcc-49/bin/../lib/gcc/arm-none-eabi/4.9.3/../../../../arm-none-eabi/lib/armv7e-m/softfp\libg_nano.a(lib_a-strlen.o)
                0x0800cd06                strlen
 .text.match    0x0800cd16       0x26 c:/dave-ide-4.4.2-64bit/eclipse/arm-gcc-49/bin/../lib/gcc/arm-none-eabi/4.9.3/../../../../arm-none-eabi/lib/armv7e-m/softfp\libg_nano.a(lib_a-strtod.o)
 .text.sulp     0x0800cd3c       0x42 c:/dave-ide-4.4.2-64bit/eclipse/arm-gcc-49/bin/../lib/gcc/arm-none-eabi/4.9.3/../../../../arm-none-eabi/lib/armv7e-m/softfp\libg_nano.a(lib_a-strtod.o)
 *fill*         0x0800cd7e        0x2 
 .text._strtod_r
                0x0800cd80      0xc28 c:/dave-ide-4.4.2-64bit/eclipse/arm-gcc-49/bin/../lib/gcc/arm-none-eabi/4.9.3/../../../../arm-none-eabi/lib/armv7e-m/softfp\libg_nano.a(lib_a-strtod.o)
                0x0800cd80                _strtod_r
 .text._strtol_r
                0x0800d9a8      0x10c c:/dave-ide-4.4.2-64bit/eclipse/arm-gcc-49/bin/../lib/gcc/arm-none-eabi/4.9.3/../../../../arm-none-eabi/lib/armv7e-m/softfp\libg_nano.a(lib_a-strtol.o)
                0x0800d9a8                _strtol_r
 .text.quorem   0x0800dab4      0x11a c:/dave-ide-4.4.2-64bit/eclipse/arm-gcc-49/bin/../lib/gcc/arm-none-eabi/4.9.3/../../../../arm-none-eabi/lib/armv7e-m/softfp\libg_nano.a(lib_a-dtoa.o)
 *fill*         0x0800dbce        0x2 
 .text._dtoa_r  0x0800dbd0      0xb88 c:/dave-ide-4.4.2-64bit/eclipse/arm-gcc-49/bin/../lib/gcc/arm-none-eabi/4.9.3/../../../../arm-none-eabi/lib/armv7e-m/softfp\libg_nano.a(lib_a-dtoa.o)
                0x0800dbd0                _dtoa_r
 .text.rshift   0x0800e758       0x6c c:/dave-ide-4.4.2-64bit/eclipse/arm-gcc-49/bin/../lib/gcc/arm-none-eabi/4.9.3/../../../../arm-none-eabi/lib/armv7e-m/softfp\libg_nano.a(lib_a-gdtoa-gethex.o)
 .text.__hexdig_fun
                0x0800e7c4       0x2a c:/dave-ide-4.4.2-64bit/eclipse/arm-gcc-49/bin/../lib/gcc/arm-none-eabi/4.9.3/../../../../arm-none-eabi/lib/armv7e-m/softfp\libg_nano.a(lib_a-gdtoa-gethex.o)
                0x0800e7c4                __hexdig_fun
 .text.__gethex
                0x0800e7ee      0x44a c:/dave-ide-4.4.2-64bit/eclipse/arm-gcc-49/bin/../lib/gcc/arm-none-eabi/4.9.3/../../../../arm-none-eabi/lib/armv7e-m/softfp\libg_nano.a(lib_a-gdtoa-gethex.o)
                0x0800e7ee                __gethex
 .text.L_shift  0x0800ec38       0x24 c:/dave-ide-4.4.2-64bit/eclipse/arm-gcc-49/bin/../lib/gcc/arm-none-eabi/4.9.3/../../../../arm-none-eabi/lib/armv7e-m/softfp\libg_nano.a(lib_a-gdtoa-hexnan.o)
 .text.__hexnan
                0x0800ec5c      0x114 c:/dave-ide-4.4.2-64bit/eclipse/arm-gcc-49/bin/../lib/gcc/arm-none-eabi/4.9.3/../../../../arm-none-eabi/lib/armv7e-m/softfp\libg_nano.a(lib_a-gdtoa-hexnan.o)
                0x0800ec5c                __hexnan
 .text._localeconv_r
                0x0800ed70        0x8 c:/dave-ide-4.4.2-64bit/eclipse/arm-gcc-49/bin/../lib/gcc/arm-none-eabi/4.9.3/../../../../arm-none-eabi/lib/armv7e-m/softfp\libg_nano.a(lib_a-locale.o)
                0x0800ed70                _localeconv_r
 .text.malloc   0x0800ed78       0x10 c:/dave-ide-4.4.2-64bit/eclipse/arm-gcc-49/bin/../lib/gcc/arm-none-eabi/4.9.3/../../../../arm-none-eabi/lib/armv7e-m/softfp\libg_nano.a(lib_a-malloc.o)
                0x0800ed78                malloc
 .text.memchr   0x0800ed88       0x1e c:/dave-ide-4.4.2-64bit/eclipse/arm-gcc-49/bin/../lib/gcc/arm-none-eabi/4.9.3/../../../../arm-none-eabi/lib/armv7e-m/softfp\libg_nano.a(lib_a-memchr.o)
                0x0800ed88                memchr
 .text._Balloc  0x0800eda6       0x6a c:/dave-ide-4.4.2-64bit/eclipse/arm-gcc-49/bin/../lib/gcc/arm-none-eabi/4.9.3/../../../../arm-none-eabi/lib/armv7e-m/softfp\libg_nano.a(lib_a-mprec.o)
                0x0800eda6                _Balloc
 .text._Bfree   0x0800ee10       0x2e c:/dave-ide-4.4.2-64bit/eclipse/arm-gcc-49/bin/../lib/gcc/arm-none-eabi/4.9.3/../../../../arm-none-eabi/lib/armv7e-m/softfp\libg_nano.a(lib_a-mprec.o)
                0x0800ee10                _Bfree
 .text.__multadd
                0x0800ee3e       0x7c c:/dave-ide-4.4.2-64bit/eclipse/arm-gcc-49/bin/../lib/gcc/arm-none-eabi/4.9.3/../../../../arm-none-eabi/lib/armv7e-m/softfp\libg_nano.a(lib_a-mprec.o)
                0x0800ee3e                __multadd
 .text.__s2b    0x0800eeba       0x80 c:/dave-ide-4.4.2-64bit/eclipse/arm-gcc-49/bin/../lib/gcc/arm-none-eabi/4.9.3/../../../../arm-none-eabi/lib/armv7e-m/softfp\libg_nano.a(lib_a-mprec.o)
                0x0800eeba                __s2b
 .text.__hi0bits
                0x0800ef3a       0x40 c:/dave-ide-4.4.2-64bit/eclipse/arm-gcc-49/bin/../lib/gcc/arm-none-eabi/4.9.3/../../../../arm-none-eabi/lib/armv7e-m/softfp\libg_nano.a(lib_a-mprec.o)
                0x0800ef3a                __hi0bits
 .text.__lo0bits
                0x0800ef7a       0x5a c:/dave-ide-4.4.2-64bit/eclipse/arm-gcc-49/bin/../lib/gcc/arm-none-eabi/4.9.3/../../../../arm-none-eabi/lib/armv7e-m/softfp\libg_nano.a(lib_a-mprec.o)
                0x0800ef7a                __lo0bits
 .text.__i2b    0x0800efd4       0x12 c:/dave-ide-4.4.2-64bit/eclipse/arm-gcc-49/bin/../lib/gcc/arm-none-eabi/4.9.3/../../../../arm-none-eabi/lib/armv7e-m/softfp\libg_nano.a(lib_a-mprec.o)
                0x0800efd4                __i2b
 .text.__multiply
                0x0800efe6      0x122 c:/dave-ide-4.4.2-64bit/eclipse/arm-gcc-49/bin/../lib/gcc/arm-none-eabi/4.9.3/../../../../arm-none-eabi/lib/armv7e-m/softfp\libg_nano.a(lib_a-mprec.o)
                0x0800efe6                __multiply
 .text.__pow5mult
                0x0800f108       0x9c c:/dave-ide-4.4.2-64bit/eclipse/arm-gcc-49/bin/../lib/gcc/arm-none-eabi/4.9.3/../../../../arm-none-eabi/lib/armv7e-m/softfp\libg_nano.a(lib_a-mprec.o)
                0x0800f108                __pow5mult
 .text.__lshift
                0x0800f1a4       0xa6 c:/dave-ide-4.4.2-64bit/eclipse/arm-gcc-49/bin/../lib/gcc/arm-none-eabi/4.9.3/../../../../arm-none-eabi/lib/armv7e-m/softfp\libg_nano.a(lib_a-mprec.o)
                0x0800f1a4                __lshift
 .text.__mcmp   0x0800f24a       0x38 c:/dave-ide-4.4.2-64bit/eclipse/arm-gcc-49/bin/../lib/gcc/arm-none-eabi/4.9.3/../../../../arm-none-eabi/lib/armv7e-m/softfp\libg_nano.a(lib_a-mprec.o)
                0x0800f24a                __mcmp
 .text.__mdiff  0x0800f282       0xbe c:/dave-ide-4.4.2-64bit/eclipse/arm-gcc-49/bin/../lib/gcc/arm-none-eabi/4.9.3/../../../../arm-none-eabi/lib/armv7e-m/softfp\libg_nano.a(lib_a-mprec.o)
                0x0800f282                __mdiff
 .text.__ulp    0x0800f340       0x48 c:/dave-ide-4.4.2-64bit/eclipse/arm-gcc-49/bin/../lib/gcc/arm-none-eabi/4.9.3/../../../../arm-none-eabi/lib/armv7e-m/softfp\libg_nano.a(lib_a-mprec.o)
                0x0800f340                __ulp
 .text.__b2d    0x0800f388       0x9e c:/dave-ide-4.4.2-64bit/eclipse/arm-gcc-49/bin/../lib/gcc/arm-none-eabi/4.9.3/../../../../arm-none-eabi/lib/armv7e-m/softfp\libg_nano.a(lib_a-mprec.o)
                0x0800f388                __b2d
 .text.__d2b    0x0800f426       0xa4 c:/dave-ide-4.4.2-64bit/eclipse/arm-gcc-49/bin/../lib/gcc/arm-none-eabi/4.9.3/../../../../arm-none-eabi/lib/armv7e-m/softfp\libg_nano.a(lib_a-mprec.o)
                0x0800f426                __d2b
 .text.__ratio  0x0800f4ca       0x52 c:/dave-ide-4.4.2-64bit/eclipse/arm-gcc-49/bin/../lib/gcc/arm-none-eabi/4.9.3/../../../../arm-none-eabi/lib/armv7e-m/softfp\libg_nano.a(lib_a-mprec.o)
                0x0800f4ca                __ratio
 .text.__copybits
                0x0800f51c       0x34 c:/dave-ide-4.4.2-64bit/eclipse/arm-gcc-49/bin/../lib/gcc/arm-none-eabi/4.9.3/../../../../arm-none-eabi/lib/armv7e-m/softfp\libg_nano.a(lib_a-mprec.o)
                0x0800f51c                __copybits
 .text.__any_on
                0x0800f550       0x44 c:/dave-ide-4.4.2-64bit/eclipse/arm-gcc-49/bin/../lib/gcc/arm-none-eabi/4.9.3/../../../../arm-none-eabi/lib/armv7e-m/softfp\libg_nano.a(lib_a-mprec.o)
                0x0800f550                __any_on
 .text._calloc_r
                0x0800f594       0x1c c:/dave-ide-4.4.2-64bit/eclipse/arm-gcc-49/bin/../lib/gcc/arm-none-eabi/4.9.3/../../../../arm-none-eabi/lib/armv7e-m/softfp\libg_nano.a(lib_a-nano-callocr.o)
                0x0800f594                _calloc_r
 .text._free_r  0x0800f5b0       0x88 c:/dave-ide-4.4.2-64bit/eclipse/arm-gcc-49/bin/../lib/gcc/arm-none-eabi/4.9.3/../../../../arm-none-eabi/lib/armv7e-m/softfp\libg_nano.a(lib_a-nano-freer.o)
                0x0800f5b0                _free_r
 .text._malloc_r
                0x0800f638       0xac c:/dave-ide-4.4.2-64bit/eclipse/arm-gcc-49/bin/../lib/gcc/arm-none-eabi/4.9.3/../../../../arm-none-eabi/lib/armv7e-m/softfp\libg_nano.a(lib_a-nano-mallocr.o)
                0x0800f638                _malloc_r
 .text.__ssputs_r
                0x0800f6e4       0xb2 c:/dave-ide-4.4.2-64bit/eclipse/arm-gcc-49/bin/../lib/gcc/arm-none-eabi/4.9.3/../../../../arm-none-eabi/lib/armv7e-m/softfp\libg_nano.a(lib_a-nano-svfprintf.o)
                0x0800f6e4                __ssputs_r
 *fill*         0x0800f796        0x2 
 .text._svfprintf_r
                0x0800f798      0x1e4 c:/dave-ide-4.4.2-64bit/eclipse/arm-gcc-49/bin/../lib/gcc/arm-none-eabi/4.9.3/../../../../arm-none-eabi/lib/armv7e-m/softfp\libg_nano.a(lib_a-nano-svfprintf.o)
                0x0800f798                _svfiprintf_r
                0x0800f798                _svfprintf_r
 .text._sbrk_r  0x0800f97c       0x20 c:/dave-ide-4.4.2-64bit/eclipse/arm-gcc-49/bin/../lib/gcc/arm-none-eabi/4.9.3/../../../../arm-none-eabi/lib/armv7e-m/softfp\libg_nano.a(lib_a-sbrkr.o)
                0x0800f97c                _sbrk_r
 .text.strncmp  0x0800f99c       0x34 c:/dave-ide-4.4.2-64bit/eclipse/arm-gcc-49/bin/../lib/gcc/arm-none-eabi/4.9.3/../../../../arm-none-eabi/lib/armv7e-m/softfp\libg_nano.a(lib_a-strncmp.o)
                0x0800f99c                strncmp
 .text.memmove  0x0800f9d0       0x36 c:/dave-ide-4.4.2-64bit/eclipse/arm-gcc-49/bin/../lib/gcc/arm-none-eabi/4.9.3/../../../../arm-none-eabi/lib/armv7e-m/softfp\libg_nano.a(lib_a-memmove.o)
                0x0800f9d0                memmove
 .text._realloc_r
                0x0800fa06       0x4c c:/dave-ide-4.4.2-64bit/eclipse/arm-gcc-49/bin/../lib/gcc/arm-none-eabi/4.9.3/../../../../arm-none-eabi/lib/armv7e-m/softfp\libg_nano.a(lib_a-nano-reallocr.o)
                0x0800fa06                _realloc_r
 .text._malloc_usable_size_r
                0x0800fa52       0x14 c:/dave-ide-4.4.2-64bit/eclipse/arm-gcc-49/bin/../lib/gcc/arm-none-eabi/4.9.3/../../../../arm-none-eabi/lib/armv7e-m/softfp\libg_nano.a(lib_a-nano-msizer.o)
                0x0800fa52                _malloc_usable_size_r
 *fill*         0x0800fa66        0x2 
 .text          0x0800fa68      0x110 c:/dave-ide-4.4.2-64bit/eclipse/arm-gcc-49/bin/../lib/gcc/arm-none-eabi/4.9.3/armv7e-m/softfp\libgcc.a(_arm_cmpdf2.o)
                0x0800fa68                __gtdf2
                0x0800fa68                __gedf2
                0x0800fa70                __ltdf2
                0x0800fa70                __ledf2
                0x0800fa78                __nedf2
                0x0800fa78                __eqdf2
                0x0800fa78                __cmpdf2
                0x0800faf4                __aeabi_cdrcmple
                0x0800fb04                __aeabi_cdcmpeq
                0x0800fb04                __aeabi_cdcmple
                0x0800fb14                __aeabi_dcmpeq
                0x0800fb28                __aeabi_dcmplt
                0x0800fb3c                __aeabi_dcmple
                0x0800fb50                __aeabi_dcmpge
                0x0800fb64                __aeabi_dcmpgt
 .text          0x0800fb78       0x50 c:/dave-ide-4.4.2-64bit/eclipse/arm-gcc-49/bin/../lib/gcc/arm-none-eabi/4.9.3/armv7e-m/softfp\libgcc.a(_arm_fixdfsi.o)
                0x0800fb78                __aeabi_d2iz
                0x0800fb78                __fixdfsi
 .text          0x0800fbc8       0x40 c:/dave-ide-4.4.2-64bit/eclipse/arm-gcc-49/bin/../lib/gcc/arm-none-eabi/4.9.3/armv7e-m/softfp\libgcc.a(_arm_fixunsdfsi.o)
                0x0800fbc8                __aeabi_d2uiz
                0x0800fbc8                __fixunsdfsi
 *(.init)
 *(.fini)
 *crtbegin.o(.ctors)
 *crtbegin?.o(.ctors)
 *(EXCLUDE_FILE(*crtend.o *crtend?.o) .ctors)
 *(SORT(.ctors.*))
 *(.ctors)
 *crtbegin.o(.dtors)
 *crtbegin?.o(.dtors)
 *(EXCLUDE_FILE(*crtend.o *crtend?.o) .dtors)
 *(SORT(.dtors.*))
 *(.dtors)
 *(.rodata .rodata.*)
 .rodata.SDMMC_BLOCK_0_DATA_0_PIN_CONFIG
                0x0800fc08       0x10 ./Dave/Generated/SDMMC_BLOCK/sdmmc_block_conf.o
                0x0800fc08                SDMMC_BLOCK_0_DATA_0_PIN_CONFIG
 .rodata.SDMMC_BLOCK_0_DATA_1_PIN_CONFIG
                0x0800fc18       0x10 ./Dave/Generated/SDMMC_BLOCK/sdmmc_block_conf.o
                0x0800fc18                SDMMC_BLOCK_0_DATA_1_PIN_CONFIG
 .rodata.SDMMC_BLOCK_0_DATA_2_PIN_CONFIG
                0x0800fc28       0x10 ./Dave/Generated/SDMMC_BLOCK/sdmmc_block_conf.o
                0x0800fc28                SDMMC_BLOCK_0_DATA_2_PIN_CONFIG
 .rodata.SDMMC_BLOCK_0_DATA_3_PIN_CONFIG
                0x0800fc38       0x10 ./Dave/Generated/SDMMC_BLOCK/sdmmc_block_conf.o
                0x0800fc38                SDMMC_BLOCK_0_DATA_3_PIN_CONFIG
 .rodata.SDMMC_BLOCK_0_COMMAND_PIN_CONFIG
                0x0800fc48       0x10 ./Dave/Generated/SDMMC_BLOCK/sdmmc_block_conf.o
                0x0800fc48                SDMMC_BLOCK_0_COMMAND_PIN_CONFIG
 .rodata.SDMMC_BLOCK_0_CLK_PIN_CONFIG
                0x0800fc58       0x10 ./Dave/Generated/SDMMC_BLOCK/sdmmc_block_conf.o
                0x0800fc58                SDMMC_BLOCK_0_CLK_PIN_CONFIG
 .rodata.sdmmc_block_command
                0x0800fc68       0x50 ./Dave/Generated/SDMMC_BLOCK/sdmmc_block_private_sd.o
                0x0800fc68                sdmmc_block_command
 .rodata        0x0800fcb8       0x28 ./Dave/Generated/SDMMC_BLOCK/sdmmc_block_private_sd.o
 .rodata.RTC_0_config
                0x0800fce0        0x8 ./Dave/Generated/RTC/rtc_conf.o
                0x0800fce0                RTC_0_config
 .rodata.RTC_0_time_alarm_config
                0x0800fce8       0x14 ./Dave/Generated/RTC/rtc_conf.o
                0x0800fce8                RTC_0_time_alarm_config
 .rodata.INTERRUPT_TIMER
                0x0800fcfc        0x4 ./Dave/Generated/INTERRUPT/interrupt_conf.o
                0x0800fcfc                INTERRUPT_TIMER
 .rodata.INTERRUPT_CAN_RX
                0x0800fd00        0x4 ./Dave/Generated/INTERRUPT/interrupt_conf.o
                0x0800fd00                INTERRUPT_CAN_RX
 .rodata.INTERRUPT_CAN_RX2
                0x0800fd04        0x4 ./Dave/Generated/INTERRUPT/interrupt_conf.o
                0x0800fd04                INTERRUPT_CAN_RX2
 .rodata.I2C_LCD_sda_pin_config
                0x0800fd08        0xc ./Dave/Generated/I2C_MASTER/i2c_master_conf.o
 .rodata.I2C_LCD_scl_pin_config
                0x0800fd14        0xc ./Dave/Generated/I2C_MASTER/i2c_master_conf.o
 .rodata.I2C_LCD_channel_config
                0x0800fd20        0x8 ./Dave/Generated/I2C_MASTER/i2c_master_conf.o
                0x0800fd20                I2C_LCD_channel_config
 .rodata.I2C_LCD_config
                0x0800fd28       0x2c ./Dave/Generated/I2C_MASTER/i2c_master_conf.o
                0x0800fd28                I2C_LCD_config
 .rodata.LfnOfs
                0x0800fd54       0x10 ./Dave/Generated/FATFS/ff_Src/ff.o
 .rodata.ExCvt  0x0800fd64       0x80 ./Dave/Generated/FATFS/ff_Src/ff.o
 .rodata        0x0800fde4       0x20 ./Dave/Generated/FATFS/ff_Src/ff.o
 .rodata.uc850  0x0800fe04      0x100 ./Dave/Generated/FATFS/ff_Src/ffunicode.o
 .rodata.cvt1.4314
                0x0800ff04      0x1f4 ./Dave/Generated/FATFS/ff_Src/ffunicode.o
 .rodata.cvt2.4315
                0x080100f8       0xbc ./Dave/Generated/FATFS/ff_Src/ffunicode.o
 .rodata.sdmmc_block
                0x080101b4        0x4 ./Dave/Generated/FATFS/fatfs_conf.o
                0x080101b4                sdmmc_block
 .rodata        0x080101b8       0x14 ./Dave/Generated/CLOCK_XMC4/clock_xmc4_conf.o
 .rodata.CAN_OBDII_gpio_out
                0x080101cc        0x8 ./Dave/Generated/CAN_NODE/can_node_conf.o
                0x080101cc                CAN_OBDII_gpio_out
 .rodata.CAN_OBDII_gpio_out_config
                0x080101d4        0xc ./Dave/Generated/CAN_NODE/can_node_conf.o
                0x080101d4                CAN_OBDII_gpio_out_config
 .rodata.CAN_OBDII_gpio_in
                0x080101e0        0x8 ./Dave/Generated/CAN_NODE/can_node_conf.o
                0x080101e0                CAN_OBDII_gpio_in
 .rodata.CAN_OBDII_gpio_in_config
                0x080101e8        0xc ./Dave/Generated/CAN_NODE/can_node_conf.o
                0x080101e8                CAN_OBDII_gpio_in_config
 .rodata.CAN_OBDII_sr
                0x080101f4        0x4 ./Dave/Generated/CAN_NODE/can_node_conf.o
                0x080101f4                CAN_OBDII_sr
 .rodata.CAN_OBDII_LMO_01_Config
                0x080101f8        0xc ./Dave/Generated/CAN_NODE/can_node_conf.o
                0x080101f8                CAN_OBDII_LMO_01_Config
 .rodata.CAN_OBDII_LMO_02_Config
                0x08010204        0xc ./Dave/Generated/CAN_NODE/can_node_conf.o
                0x08010204                CAN_OBDII_LMO_02_Config
 .rodata.CAN_OBDII_LMO_03_Config
                0x08010210        0xc ./Dave/Generated/CAN_NODE/can_node_conf.o
                0x08010210                CAN_OBDII_LMO_03_Config
 .rodata.CAN_OBDII
                0x0801021c       0xa8 ./Dave/Generated/CAN_NODE/can_node_conf.o
                0x0801021c                CAN_OBDII
 .rodata        0x080102c4      0x154 ./main.o
 .rodata.str1.1
                0x08010418        0x2 c:/dave-ide-4.4.2-64bit/eclipse/arm-gcc-49/bin/../lib/gcc/arm-none-eabi/4.9.3/../../../../arm-none-eabi/lib/armv7e-m/softfp\libg_nano.a(lib_a-impure.o)
 .rodata.str1.1
                0x0801041a       0x12 c:/dave-ide-4.4.2-64bit/eclipse/arm-gcc-49/bin/../lib/gcc/arm-none-eabi/4.9.3/../../../../arm-none-eabi/lib/armv7e-m/softfp\libg_nano.a(lib_a-nano-vfprintf_float.o)
 .rodata.str1.1
                0x0801042c       0x22 c:/dave-ide-4.4.2-64bit/eclipse/arm-gcc-49/bin/../lib/gcc/arm-none-eabi/4.9.3/../../../../arm-none-eabi/lib/armv7e-m/softfp\libg_nano.a(lib_a-nano-vfprintf_i.o)
 .rodata.str1.1
                0x0801044e        0x5 c:/dave-ide-4.4.2-64bit/eclipse/arm-gcc-49/bin/../lib/gcc/arm-none-eabi/4.9.3/../../../../arm-none-eabi/lib/armv7e-m/softfp\libg_nano.a(lib_a-nano-vfscanf_float.o)
 *fill*         0x08010453        0x1 
 .rodata.fpi.5242
                0x08010454       0x14 c:/dave-ide-4.4.2-64bit/eclipse/arm-gcc-49/bin/../lib/gcc/arm-none-eabi/4.9.3/../../../../arm-none-eabi/lib/armv7e-m/softfp\libg_nano.a(lib_a-strtod.o)
 .rodata.str1.1
                0x00000000        0x5 c:/dave-ide-4.4.2-64bit/eclipse/arm-gcc-49/bin/../lib/gcc/arm-none-eabi/4.9.3/../../../../arm-none-eabi/lib/armv7e-m/softfp\libg_nano.a(lib_a-strtod.o)
                                  0xc (size before relaxing)
 .rodata.tinytens
                0x08010468       0x28 c:/dave-ide-4.4.2-64bit/eclipse/arm-gcc-49/bin/../lib/gcc/arm-none-eabi/4.9.3/../../../../arm-none-eabi/lib/armv7e-m/softfp\libg_nano.a(lib_a-strtod.o)
 .rodata.fpinan.5278
                0x08010490       0x14 c:/dave-ide-4.4.2-64bit/eclipse/arm-gcc-49/bin/../lib/gcc/arm-none-eabi/4.9.3/../../../../arm-none-eabi/lib/armv7e-m/softfp\libg_nano.a(lib_a-strtod.o)
 .rodata._ctype_
                0x080104a4      0x101 c:/dave-ide-4.4.2-64bit/eclipse/arm-gcc-49/bin/../lib/gcc/arm-none-eabi/4.9.3/../../../../arm-none-eabi/lib/armv7e-m/softfp\libg_nano.a(lib_a-ctype_.o)
                0x080104a4                _ctype_
 .rodata.str1.1
                0x080105a5        0xd c:/dave-ide-4.4.2-64bit/eclipse/arm-gcc-49/bin/../lib/gcc/arm-none-eabi/4.9.3/../../../../arm-none-eabi/lib/armv7e-m/softfp\libg_nano.a(lib_a-dtoa.o)
                                  0xf (size before relaxing)
 .rodata.str1.1
                0x080105b2        0x8 c:/dave-ide-4.4.2-64bit/eclipse/arm-gcc-49/bin/../lib/gcc/arm-none-eabi/4.9.3/../../../../arm-none-eabi/lib/armv7e-m/softfp\libg_nano.a(lib_a-locale.o)
                                  0xb (size before relaxing)
 *fill*         0x080105ba        0x6 
 .rodata.__mprec_tens
                0x080105c0       0xc8 c:/dave-ide-4.4.2-64bit/eclipse/arm-gcc-49/bin/../lib/gcc/arm-none-eabi/4.9.3/../../../../arm-none-eabi/lib/armv7e-m/softfp\libg_nano.a(lib_a-mprec.o)
                0x080105c0                __mprec_tens
 .rodata.__mprec_bigtens
                0x08010688       0x28 c:/dave-ide-4.4.2-64bit/eclipse/arm-gcc-49/bin/../lib/gcc/arm-none-eabi/4.9.3/../../../../arm-none-eabi/lib/armv7e-m/softfp\libg_nano.a(lib_a-mprec.o)
                0x08010688                __mprec_bigtens
 .rodata.p05.5277
                0x080106b0        0xc c:/dave-ide-4.4.2-64bit/eclipse/arm-gcc-49/bin/../lib/gcc/arm-none-eabi/4.9.3/../../../../arm-none-eabi/lib/armv7e-m/softfp\libg_nano.a(lib_a-mprec.o)
 .rodata.str1.1
                0x080106bc       0x11 c:/dave-ide-4.4.2-64bit/eclipse/arm-gcc-49/bin/../lib/gcc/arm-none-eabi/4.9.3/../../../../arm-none-eabi/lib/armv7e-m/softfp\libg_nano.a(lib_a-nano-svfprintf.o)
 *(.gnu.linkonce.r*)
 *(vtable)
                0x080106d0                . = ALIGN (0x4)
 *fill*         0x080106cd        0x3 

.glue_7         0x080106d0        0x0 load address 0x0c0106d0
 .glue_7        0x00000000        0x0 linker stubs

.glue_7t        0x080106d0        0x0 load address 0x0c0106d0
 .glue_7t       0x00000000        0x0 linker stubs

.vfp11_veneer   0x080106d0        0x0 load address 0x0c0106d0
 .vfp11_veneer  0x00000000        0x0 linker stubs

.v4_bx          0x080106d0        0x0 load address 0x0c0106d0
 .v4_bx         0x00000000        0x0 linker stubs

.iplt           0x080106d0        0x0 load address 0x0c0106d0
 .iplt          0x00000000        0x0 ./Startup/startup_XMC4500.o

.eh_frame_hdr
 *(.eh_frame_hdr)

.eh_frame       0x080106d0        0x0 load address 0x0c0106d0
 *(.eh_frame)
 .eh_frame      0x080106d0        0x0 c:/dave-ide-4.4.2-64bit/eclipse/arm-gcc-49/bin/../lib/gcc/arm-none-eabi/4.9.3/../../../../arm-none-eabi/lib/armv7e-m/softfp\libg_nano.a(lib_a-strcmp.o)
                                 0x28 (size before relaxing)

.rel.dyn        0x080106d0        0x0 load address 0x0c0106d0
 .rel.iplt      0x00000000        0x0 ./Startup/startup_XMC4500.o

.ARM.extab
 *(.ARM.extab* .gnu.linkonce.armextab.*)
                0x080106d0                . = ALIGN (0x4)
                0x080106d0                __exidx_start = .

.ARM.exidx
 *(.ARM.exidx* .gnu.linkonce.armexidx.*)
                0x080106d0                __exidx_end = .
                0x080106d0                . = ALIGN (0x4)

Stack           0x10000000      0x800
                0x10000000                __stack_start = .
                0x10000800                . = (. + stack_size)
 *fill*         0x10000000      0x800 
                0x10000800                __stack_end = .
                0x10000800                __initial_sp = .

.ram_code       0x10000800        0x0 load address 0x0c0106d0
                0x10000800                . = ALIGN (0x4)
                0x10000800                __ram_code_start = .
 *(.ram_code)
                0x10000800                . = ALIGN (0x4)
                0x10000800                __ram_code_end = .
                0x0c0106d0                __ram_code_load = LOADADDR (.ram_code)
                0x00000000                __ram_code_size = (__ram_code_end - __ram_code_start)

PSRAM_DATA      0x10000800        0x0 load address 0x0c0106d0
                0x10000800                . = ALIGN (0x4)
                0x10000800                __data3_start = .
 *(PSRAM_DATA)
                0x10000800                . = ALIGN (0x4)
                0x10000800                __data3_end = .
                0x0c0106d0                __data3_load = LOADADDR (PSRAM_DATA)
                0x00000000                __data3_size = (__data3_end - __data3_start)

PSRAM_BSS       0x10000800        0x0 load address 0x0c0106d0
                0x10000800                . = ALIGN (0x4)
                0x10000800                __bss3_start = .
 *(PSRAM_BSS)
                0x10000800                . = ALIGN (0x4)
                0x10000800                __bss3_end = .
                0x10000800                . = ALIGN (0x8)
                0x10000800                Heap_Bank3_Start = .
                0x00000000                __bss3_size = (__bss3_end - __bss3_start)

.data           0x20000000      0x230 load address 0x0c0106d0
                0x20000000                . = ALIGN (0x4)
                0x20000000                __data_start = .
 *(.data)
 *(.data*)
 .data.TIMER_0_config
                0x20000000        0x8 ./Dave/Generated/TIMER/timer_conf.o
                0x20000000                TIMER_0_config
 .data.TIMER_0  0x20000008       0x28 ./Dave/Generated/TIMER/timer_conf.o
                0x20000008                TIMER_0
 .data.SDMMC_BLOCK_0_SD
                0x20000030       0x60 ./Dave/Generated/SDMMC_BLOCK/sdmmc_block_conf.o
                0x20000030                SDMMC_BLOCK_0_SD
 .data.SDMMC_BLOCK_0
                0x20000090       0x10 ./Dave/Generated/SDMMC_BLOCK/sdmmc_block_conf.o
                0x20000090                SDMMC_BLOCK_0
 .data.RTC_0    0x200000a0        0xc ./Dave/Generated/RTC/rtc_conf.o
                0x200000a0                RTC_0
 .data.I2C_LCD  0x200000ac        0xc ./Dave/Generated/I2C_MASTER/i2c_master_conf.o
                0x200000ac                I2C_LCD
 .data.GLOBAL_CCU4_0
                0x200000b8       0x10 ./Dave/Generated/GLOBAL_CCU4/global_ccu4_conf.o
                0x200000b8                GLOBAL_CCU4_0
 .data.GLOBAL_CAN_0
                0x200000c8        0xc ./Dave/Generated/GLOBAL_CAN/global_can_conf.o
                0x200000c8                GLOBAL_CAN_0
 .data.FATFS_errorcodes
                0x200000d4        0x8 ./Dave/Generated/FATFS/fatfs.o
                0x200000d4                FATFS_errorcodes
 .data.FATFS_statuscodes
                0x200000dc        0x4 ./Dave/Generated/FATFS/fatfs.o
                0x200000dc                FATFS_statuscodes
 .data.FATFS_devicefunc
                0x200000e0       0x14 ./Dave/Generated/FATFS/fatfs.o
                0x200000e0                FATFS_devicefunc
 .data.FATFS_0  0x200000f4        0x8 ./Dave/Generated/FATFS/fatfs_conf.o
                0x200000f4                FATFS_0
 .data.CAN_OBDII_BitTimeConfig
                0x200000fc        0xc ./Dave/Generated/CAN_NODE/can_node_conf.o
                0x200000fc                CAN_OBDII_BitTimeConfig
 .data.CAN_OBDII_LMO_01
                0x20000108       0x20 ./Dave/Generated/CAN_NODE/can_node_conf.o
                0x20000108                CAN_OBDII_LMO_01
 .data.CAN_OBDII_LMO_02
                0x20000128       0x20 ./Dave/Generated/CAN_NODE/can_node_conf.o
                0x20000128                CAN_OBDII_LMO_02
 .data.CAN_OBDII_LMO_03
                0x20000148       0x20 ./Dave/Generated/CAN_NODE/can_node_conf.o
                0x20000148                CAN_OBDII_LMO_03
 .data.flowControl
                0x20000168        0x8 ./main.o
                0x20000168                flowControl
 .data.reqBattAmp
                0x20000170        0x8 ./main.o
                0x20000170                reqBattAmp
 .data.reqBattVolt
                0x20000178        0x8 ./main.o
                0x20000178                reqBattVolt
 .data.reqModuleTemps
                0x20000180        0x8 ./main.o
                0x20000180                reqModuleTemps
 .data.reqCellVoltages
                0x20000188        0x8 ./main.o
                0x20000188                reqCellVoltages
 .data.impure_data
                0x20000190       0x60 c:/dave-ide-4.4.2-64bit/eclipse/arm-gcc-49/bin/../lib/gcc/arm-none-eabi/4.9.3/../../../../arm-none-eabi/lib/armv7e-m/softfp\libg_nano.a(lib_a-impure.o)
 .data._impure_ptr
                0x200001f0        0x4 c:/dave-ide-4.4.2-64bit/eclipse/arm-gcc-49/bin/../lib/gcc/arm-none-eabi/4.9.3/../../../../arm-none-eabi/lib/armv7e-m/softfp\libg_nano.a(lib_a-impure.o)
                0x200001f0                _impure_ptr
 .data.__ctype_ptr__
                0x200001f4        0x4 c:/dave-ide-4.4.2-64bit/eclipse/arm-gcc-49/bin/../lib/gcc/arm-none-eabi/4.9.3/../../../../arm-none-eabi/lib/armv7e-m/softfp\libg_nano.a(lib_a-ctype_.o)
                0x200001f4                __ctype_ptr__
 .data.lconv    0x200001f8       0x38 c:/dave-ide-4.4.2-64bit/eclipse/arm-gcc-49/bin/../lib/gcc/arm-none-eabi/4.9.3/../../../../arm-none-eabi/lib/armv7e-m/softfp\libg_nano.a(lib_a-locale.o)
 *(*.data)
 *(.gnu.linkonce.d*)
                0x20000230                . = ALIGN (0x4)
                0x20000230                PROVIDE (__preinit_array_start, .)
 *(.preinit_array)
                0x20000230                PROVIDE (__preinit_array_end, .)
                0x20000230                . = ALIGN (0x4)
                0x20000230                PROVIDE (__init_array_start, .)
 *(SORT(.init_array.*))
 *(.init_array)
                0x20000230                PROVIDE (__init_array_end, .)
                0x20000230                . = ALIGN (0x4)
                0x20000230                PROVIDE (__fini_array_start, .)
 *(SORT(.fini_array.*))
 *(.fini_array)
                0x20000230                PROVIDE (__fini_array_end, .)
                0x20000230                . = ALIGN (0x4)
                0x20000230                __data_end = .
                0x0c0106d0                __data_load = LOADADDR (.data)
                0x00000230                __data_size = (__data_end - __data_start)

.igot.plt       0x20000230        0x0 load address 0x0c010900
 .igot.plt      0x00000000        0x0 ./Startup/startup_XMC4500.o

.bss            0x20000230      0x948 load address 0x0c010900
                0x20000230                . = ALIGN (0x4)